Component: Arm Compiler for Embedded 6.19 Tool: armlink [5e73cb00]

==============================================================================

Section Cross References

    main.o(.text.TOG) refers to gpio.o(.text.GPIO_u8TogPinValue) for GPIO_u8TogPinValue
    main.o(.ARM.exidx.text.TOG) refers to main.o(.text.TOG) for [Anonymous Symbol]
    main.o(.text.main) refers to rcc.o(.text.RCC_u8InitSysClk) for RCC_u8InitSysClk
    main.o(.text.main) refers to stk.o(.text.STK_u8Init) for STK_u8Init
    main.o(.text.main) refers to lcd.o(.text.LCD_init) for LCD_init
    main.o(.text.main) refers to keypad.o(.text.KEYPAD_init) for KEYPAD_init
    main.o(.text.main) refers to lcd.o(.text.LCD_clearScreen) for LCD_clearScreen
    main.o(.text.main) refers to main.o(.bss.current_state) for current_state
    main.o(.text.main) refers to keypad.o(.text.KEYPAD_getPressedKey) for KEYPAD_getPressedKey
    main.o(.text.main) refers to lcd.o(.text.LCD_displayCharacter) for LCD_displayCharacter
    main.o(.text.main) refers to main.o(.bss.num1) for num1
    main.o(.text.main) refers to lcd.o(.text.LCD_moveCursor) for LCD_moveCursor
    main.o(.text.main) refers to main.o(.bss.num2) for num2
    main.o(.text.main) refers to main.o(.rodata.str1.1) for .L.str
    main.o(.text.main) refers to lcd.o(.text.LCD_displayString) for LCD_displayString
    main.o(.text.main) refers to main.o(.bss.result) for result
    main.o(.text.main) refers to lcd.o(.text.LCD_intgerToString) for LCD_intgerToString
    main.o(.text.main) refers to stk.o(.text.STK_u8SetmSBusyWait) for STK_u8SetmSBusyWait
    main.o(.ARM.exidx.text.main) refers to main.o(.text.main) for [Anonymous Symbol]
    rcc.o(.ARM.exidx.text.RCC_u8InitSysClk) refers to rcc.o(.text.RCC_u8InitSysClk) for [Anonymous Symbol]
    rcc.o(.ARM.exidx.text.RCC_u8GetClkSource) refers to rcc.o(.text.RCC_u8GetClkSource) for [Anonymous Symbol]
    rcc.o(.ARM.exidx.text.RCC_u8EnableDisablPeripheralClk) refers to rcc.o(.text.RCC_u8EnableDisablPeripheralClk) for [Anonymous Symbol]
    rcc.o(.ARM.exidx.text.RCC_u8ResetPeripheralClk) refers to rcc.o(.text.RCC_u8ResetPeripheralClk) for [Anonymous Symbol]
    gpio.o(.text.GPIO_u8SetPinMode) refers to gpio.o(.data.GPIO_Astr) for GPIO_Astr
    gpio.o(.ARM.exidx.text.GPIO_u8SetPinMode) refers to gpio.o(.text.GPIO_u8SetPinMode) for [Anonymous Symbol]
    gpio.o(.text.GPIO_u8WritePinValue) refers to gpio.o(.data.GPIO_Astr) for GPIO_Astr
    gpio.o(.ARM.exidx.text.GPIO_u8WritePinValue) refers to gpio.o(.text.GPIO_u8WritePinValue) for [Anonymous Symbol]
    gpio.o(.text.GPIO_u8GetPinValue) refers to gpio.o(.data.GPIO_Astr) for GPIO_Astr
    gpio.o(.ARM.exidx.text.GPIO_u8GetPinValue) refers to gpio.o(.text.GPIO_u8GetPinValue) for [Anonymous Symbol]
    gpio.o(.text.GPIO_u8TogPinValue) refers to gpio.o(.data.GPIO_Astr) for GPIO_Astr
    gpio.o(.ARM.exidx.text.GPIO_u8TogPinValue) refers to gpio.o(.text.GPIO_u8TogPinValue) for [Anonymous Symbol]
    stk.o(.ARM.exidx.text.STK_u8Init) refers to stk.o(.text.STK_u8Init) for [Anonymous Symbol]
    stk.o(.ARM.exidx.text.STK_u8SetuSBusyWait) refers to stk.o(.text.STK_u8SetuSBusyWait) for [Anonymous Symbol]
    stk.o(.text.STK_u8SetmSBusyWait) refers to stk.o(.text.STK_u8SetuSBusyWait) for STK_u8SetuSBusyWait
    stk.o(.ARM.exidx.text.STK_u8SetmSBusyWait) refers to stk.o(.text.STK_u8SetmSBusyWait) for [Anonymous Symbol]
    stk.o(.text.STK_u8SetIntervalSingle) refers to stk.o(.bss.STK_Pf) for STK_Pf
    stk.o(.text.STK_u8SetIntervalSingle) refers to stk.o(.bss.STK_u8ModeOfInterval) for STK_u8ModeOfInterval
    stk.o(.ARM.exidx.text.STK_u8SetIntervalSingle) refers to stk.o(.text.STK_u8SetIntervalSingle) for [Anonymous Symbol]
    stk.o(.text.STK_u8SetIntervalPeriodic) refers to stk.o(.bss.STK_Pf) for STK_Pf
    stk.o(.text.STK_u8SetIntervalPeriodic) refers to stk.o(.bss.STK_u8ModeOfInterval) for STK_u8ModeOfInterval
    stk.o(.ARM.exidx.text.STK_u8SetIntervalPeriodic) refers to stk.o(.text.STK_u8SetIntervalPeriodic) for [Anonymous Symbol]
    stk.o(.ARM.exidx.text.STK_u8Stop) refers to stk.o(.text.STK_u8Stop) for [Anonymous Symbol]
    stk.o(.ARM.exidx.text.STK_u8GetElapsedTime) refers to stk.o(.text.STK_u8GetElapsedTime) for [Anonymous Symbol]
    stk.o(.ARM.exidx.text.STK_u8GetRemainingTime) refers to stk.o(.text.STK_u8GetRemainingTime) for [Anonymous Symbol]
    stk.o(.text.SysTick_Handler) refers to stk.o(.bss.STK_u8ModeOfInterval) for STK_u8ModeOfInterval
    stk.o(.text.SysTick_Handler) refers to stk.o(.bss.STK_Pf) for STK_Pf
    stk.o(.ARM.exidx.text.SysTick_Handler) refers to stk.o(.text.SysTick_Handler) for [Anonymous Symbol]
    lcd.o(.text.LCD_init) refers to rcc.o(.text.RCC_u8EnableDisablPeripheralClk) for RCC_u8EnableDisablPeripheralClk
    lcd.o(.text.LCD_init) refers to gpio.o(.text.GPIO_u8SetPinMode) for GPIO_u8SetPinMode
    lcd.o(.text.LCD_init) refers to stk.o(.text.STK_u8SetmSBusyWait) for STK_u8SetmSBusyWait
    lcd.o(.text.LCD_init) refers to lcd.o(.text.LCD_sendCommand) for LCD_sendCommand
[...]
    Removing system_stm32f4xx.o(.ARM.exidx.text.SystemInit), (8 bytes).
    Removing system_stm32f4xx.o(.text.SystemCoreClockUpdate), (302 bytes).
    Removing system_stm32f4xx.o(.ARM.exidx.text.SystemCoreClockUpdate), (8 bytes).
    Removing system_stm32f4xx.o(.data.SystemCoreClock), (4 bytes).
    Removing system_stm32f4xx.o(.rodata.AHBPrescTable), (16 bytes).
    Removing system_stm32f4xx.o(.rodata.APBPrescTable), (8 bytes).

54 unused section(s) (total 1476 bytes) removed from the image.

==============================================================================

Image Symbol Table

    Local Symbols

    Symbol Name                              Value     Ov Type        Size  Object(Section)

    ../clib/angel/boardlib.s                 0x00000000   Number         0  boardinit1.o ABSOLUTE
    ../clib/angel/boardlib.s                 0x00000000   Number         0  boardinit2.o ABSOLUTE
    ../clib/angel/boardlib.s                 0x00000000   Number         0  boardinit3.o ABSOLUTE
    ../clib/angel/boardlib.s                 0x00000000   Number         0  boardshut.o ABSOLUTE
    ../clib/angel/handlers.s                 0x00000000   Number         0  __scatter_copy.o ABSOLUTE
    ../clib/angel/handlers.s                 0x00000000   Number         0  __scatter_zi.o ABSOLUTE
    ../clib/angel/kernel.s                   0x00000000   Number         0  __rtentry.o ABSOLUTE
    ../clib/angel/kernel.s                   0x00000000   Number         0  __rtentry2.o ABSOLUTE
    ../clib/angel/kernel.s                   0x00000000   Number         0  __rtentry4.o ABSOLUTE
    ../clib/angel/kernel.s                   0x00000000   Number         0  rtexit.o ABSOLUTE
    ../clib/angel/kernel.s                   0x00000000   Number         0  rtexit2.o ABSOLUTE
    ../clib/angel/rt.s                       0x00000000   Number         0  rt_ctype_table.o ABSOLUTE
    ../clib/angel/rt.s                       0x00000000   Number         0  rt_locale.o ABSOLUTE
    ../clib/angel/rt.s                       0x00000000   Number         0  rt_locale_intlibspace.o ABSOLUTE
    ../clib/angel/rt.s                       0x00000000   Number         0  rt_raise.o ABSOLUTE
    ../clib/angel/scatter.s                  0x00000000   Number         0  __scatter.o ABSOLUTE
    ../clib/angel/startup.s                  0x00000000   Number         0  __main.o ABSOLUTE
    ../clib/angel/sys.s                      0x00000000   Number         0  sys_stackheap_outer.o ABSOLUTE
    ../clib/angel/sys.s                      0x00000000   Number         0  libspace.o ABSOLUTE
    ../clib/angel/sys.s                      0x00000000   Number         0  use_no_semi.o ABSOLUTE
    ../clib/angel/sys.s                      0x00000000   Number         0  indicate_semi.o ABSOLUTE
    ../clib/angel/sysapp.c                   0x00000000   Number         0  sys_exit.o ABSOLUTE
    ../clib/angel/sysapp.c                   0x00000000   Number         0  sys_exit_hlt.o ABSOLUTE
    ../clib/angel/sysapp.c                   0x00000000   Number         0  sys_command.o ABSOLUTE
    ../clib/angel/sysapp.c                   0x00000000   Number         0  sys_command_hlt.o ABSOLUTE
    ../clib/angel/sysapp.c                   0x00000000   Number         0  sys_wrch.o ABSOLUTE
    ../clib/angel/sysapp.c                   0x00000000   Number         0  sys_wrch_hlt.o ABSOLUTE
    ../clib/armsys.c                         0x00000000   Number         0  argv_veneer.o ABSOLUTE
    ../clib/armsys.c                         0x00000000   Number         0  argv_veneer.o ABSOLUTE
    ../clib/armsys.c                         0x00000000   Number         0  _get_argv_nomalloc.o ABSOLUTE
    ../clib/armsys.c                         0x00000000   Number         0  no_argv.o ABSOLUTE
    ../clib/bigflt.c                         0x00000000   Number         0  bigflt0.o ABSOLUTE
    ../clib/btod.s                           0x00000000   Number         0  btod.o ABSOLUTE
    ../clib/btod_accurate.c                  0x00000000   Number         0  btod_accurate.o ABSOLUTE
    ../clib/btod_accurate.c                  0x00000000   Number         0  btod_accurate_common.o ABSOLUTE
    ../clib/heapalloc.c                      0x00000000   Number         0  hrguard.o ABSOLUTE
    ../clib/heapaux.c                        0x00000000   Number         0  heapauxi.o ABSOLUTE
    ../clib/libinit.s                        0x00000000   Number         0  libinit.o ABSOLUTE
    ../clib/libinit.s                        0x00000000   Number         0  libinit2.o ABSOLUTE
    ../clib/libinit.s                        0x00000000   Number         0  libshutdown.o ABSOLUTE
    ../clib/libinit.s                        0x00000000   Number         0  libshutdown2.o ABSOLUTE
    ../clib/locale.c                         0x00000000   Number         0  _c16rtomb.o ABSOLUTE
    ../clib/locale.s                         0x00000000   Number         0  lc_numeric_c.o ABSOLUTE
    ../clib/locale.s                         0x00000000   Number         0  lc_ctype_c.o ABSOLUTE
    ../clib/longlong.s                       0x00000000   Number         0  lludiv10.o ABSOLUTE
    ../clib/longlong.s                       0x00000000   Number         0  llushr.o ABSOLUTE
    ../clib/memcpset.s                       0x00000000   Number         0  strcmpv7em.o ABSOLUTE
    ../clib/misc.s                           0x00000000   Number         0  printf_stubs.o ABSOLUTE
    ../clib/printf.c                         0x00000000   Number         0  snprintf.o ABSOLUTE
    ../clib/printf.c                         0x00000000   Number         0  __printf.o ABSOLUTE
    ../clib/printf.c                         0x00000000   Number         0  _printf_pad.o ABSOLUTE
    ../clib/printf.c                         0x00000000   Number         0  _printf_truncate.o ABSOLUTE
    ../clib/printf.c                         0x00000000   Number         0  _printf_str.o ABSOLUTE
    ../clib/printf.c                         0x00000000   Number         0  _printf_dec.o ABSOLUTE
    ../clib/printf.c                         0x00000000   Number         0  _printf_charcount.o ABSOLUTE
    ../clib/printf.c                         0x00000000   Number         0  _printf_char_common.o ABSOLUTE
    ../clib/printf.c                         0x00000000   Number         0  _snputc.o ABSOLUTE
    ../clib/printf.c                         0x00000000   Number         0  _printf_wctomb.o ABSOLUTE
    ../clib/printf.c                         0x00000000   Number         0  _printf_longlong_dec.o ABSOLUTE
    ../clib/printf.c                         0x00000000   Number         0  _printf_oct_ll.o ABSOLUTE
    ../clib/printf.c                         0x00000000   Number         0  _printf_oct_int.o ABSOLUTE
    ../clib/printf.c                         0x00000000   Number         0  _printf_oct_int_ll.o ABSOLUTE
    ../clib/printf.c                         0x00000000   Number         0  _printf_hex_ll.o ABSOLUTE
    ../clib/printf.c                         0x00000000   Number         0  _printf_hex_int.o ABSOLUTE
    ../clib/printf.c                         0x00000000   Number         0  _printf_hex_int_ll.o ABSOLUTE
    ../clib/printf.c                         0x00000000   Number         0  _printf_hex_ptr.o ABSOLUTE
    ../clib/printf.c                         0x00000000   Number         0  _printf_hex_int_ptr.o ABSOLUTE
    ../clib/printf.c                         0x00000000   Number         0  _printf_hex_ll_ptr.o ABSOLUTE
    ../clib/printf.c                         0x00000000   Number         0  _printf_hex_int_ll_ptr.o ABSOLUTE
    ../clib/printf.c                         0x00000000   Number         0  __printf_flags.o ABSOLUTE
    ../clib/printf.c                         0x00000000   Number         0  __printf_ss.o ABSOLUTE
    ../clib/printf.c                         0x00000000   Number         0  __printf_flags_ss.o ABSOLUTE
    ../clib/printf.c                         0x00000000   Number         0  __printf_wp.o ABSOLUTE
    ../clib/printf.c                         0x00000000   Number         0  __printf_flags_wp.o ABSOLUTE
    ../clib/printf.c                         0x00000000   Number         0  __printf_ss_wp.o ABSOLUTE
    ../clib/printf.c                         0x00000000   Number         0  __printf_flags_ss_wp.o ABSOLUTE
    ../clib/printf.c                         0x00000000   Number         0  _printf_intcommon.o ABSOLUTE
    ../clib/printf.c                         0x00000000   Number         0  _printf_fp_dec.o ABSOLUTE
    ../clib/printf.c                         0x00000000   Number         0  _printf_fp_dec_accurate.o ABSOLUTE
    ../clib/printf.c                         0x00000000   Number         0  _printf_fp_hex.o ABSOLUTE
    ../clib/printf.c                         0x00000000   Number         0  __printf_nopercent.o ABSOLUTE
    ../clib/printf.c                         0x00000000   Number         0  _printf_char.o ABSOLUTE
    ../clib/printf.c                         0x00000000   Number         0  _printf_wchar.o ABSOLUTE
    ../clib/printf.c                         0x00000000   Number         0  _printf_fp_infnan.o ABSOLUTE
    ../clib/printf_percent.s                 0x00000000   Number         0  _printf_c.o ABSOLUTE
    ../clib/printf_percent.s                 0x00000000   Number         0  _printf_s.o ABSOLUTE
    ../clib/printf_percent.s                 0x00000000   Number         0  _printf_n.o ABSOLUTE
    ../clib/printf_percent.s                 0x00000000   Number         0  _printf_x.o ABSOLUTE
    ../clib/printf_percent.s                 0x00000000   Number         0  _printf_p.o ABSOLUTE
    ../clib/printf_percent.s                 0x00000000   Number         0  _printf_o.o ABSOLUTE
    ../clib/printf_percent.s                 0x00000000   Number         0  _printf_i.o ABSOLUTE
    ../clib/printf_percent.s                 0x00000000   Number         0  _printf_d.o ABSOLUTE
    ../clib/printf_percent.s                 0x00000000   Number         0  _printf_u.o ABSOLUTE
    ../clib/printf_percent.s                 0x00000000   Number         0  _printf_f.o ABSOLUTE
    ../clib/printf_percent.s                 0x00000000   Number         0  _printf_e.o ABSOLUTE
    ../clib/printf_percent.s                 0x00000000   Number         0  _printf_g.o ABSOLUTE
    ../clib/printf_percent.s                 0x00000000   Number         0  _printf_a.o ABSOLUTE
    ../clib/printf_percent.s                 0x00000000   Number         0  _printf_percent.o ABSOLUTE
    ../clib/printf_percent.s                 0x00000000   Number         0  _printf_lli.o ABSOLUTE
    ../clib/printf_percent.s                 0x00000000   Number         0  _printf_lld.o ABSOLUTE
    ../clib/printf_percent.s                 0x00000000   Number         0  _printf_llu.o ABSOLUTE
    ../clib/printf_percent.s                 0x00000000   Number         0  _printf_ll.o ABSOLUTE
    ../clib/printf_percent.s                 0x00000000   Number         0  _printf_l.o ABSOLUTE
    ../clib/printf_percent.s                 0x00000000   Number         0  _printf_lc.o ABSOLUTE
    ../clib/printf_percent.s                 0x00000000   Number         0  _printf_ls.o ABSOLUTE
    ../clib/printf_percent.s                 0x00000000   Number         0  _printf_llo.o ABSOLUTE
    ../clib/printf_percent.s                 0x00000000   Number         0  _printf_llx.o ABSOLUTE
    ../clib/printf_percent.s                 0x00000000   Number         0  _printf_percent_end.o ABSOLUTE
    ../clib/signal.c                         0x00000000   Number         0  defsig_rtmem_outer.o ABSOLUTE
    ../clib/signal.c                         0x00000000   Number         0  defsig_rtmem_formal.o ABSOLUTE
    ../clib/signal.c                         0x00000000   Number         0  defsig_exit.o ABSOLUTE
    ../clib/signal.c                         0x00000000   Number         0  defsig_rtmem_inner.o ABSOLUTE
    ../clib/signal.c                         0x00000000   Number         0  __raise.o ABSOLUTE
    ../clib/signal.c                         0x00000000   Number         0  defsig_general.o ABSOLUTE
    ../clib/signal.c                         0x00000000   Number         0  defsig_abrt_inner.o ABSOLUTE
    ../clib/signal.c                         0x00000000   Number         0  defsig_fpe_inner.o ABSOLUTE
    ../clib/signal.c                         0x00000000   Number         0  defsig_rtred_inner.o ABSOLUTE
    ../clib/signal.c                         0x00000000   Number         0  defsig_stak_inner.o ABSOLUTE
    ../clib/signal.c                         0x00000000   Number         0  defsig_pvfn_inner.o ABSOLUTE
    ../clib/signal.c                         0x00000000   Number         0  defsig_cppl_inner.o ABSOLUTE
    ../clib/signal.c                         0x00000000   Number         0  defsig_segv_inner.o ABSOLUTE
    ../clib/signal.c                         0x00000000   Number         0  defsig_other.o ABSOLUTE
    ../clib/signal.s                         0x00000000   Number         0  defsig.o ABSOLUTE
    ../clib/stdlib.c                         0x00000000   Number         0  exit.o ABSOLUTE
    ../fplib/fpinit.s                        0x00000000   Number         0  fpinit.o ABSOLUTE
    ../fplib/istatus.s                       0x00000000   Number         0  istatus.o ABSOLUTE
    ../fplib/printf1.s                       0x00000000   Number         0  printf1.o ABSOLUTE
    ../fplib/printf2.s                       0x00000000   Number         0  printf2.o ABSOLUTE
    ../fplib/printf2a.s                      0x00000000   Number         0  printf2a.o ABSOLUTE
    ../fplib/printf2b.s                      0x00000000   Number         0  printf2b.o ABSOLUTE
    ../fplib/usenofp.s                       0x00000000   Number         0  usenofp.o ABSOLUTE
    ../mathlib/fpclassify.c                  0x00000000   Number         0  fpclassify.o ABSOLUTE
    GPIO.c                                   0x00000000   Number         0  gpio.o ABSOLUTE
    KEYPAD.c                                 0x00000000   Number         0  keypad.o ABSOLUTE
    LCD.c                                    0x00000000   Number         0  lcd.o ABSOLUTE
    RCC.c                                    0x00000000   Number         0  rcc.o ABSOLUTE
    RTE/Device/STM32F401RCTx/startup_stm32f401xc.s 0x00000000   Number         0  startup_stm32f401xc.o ABSOLUTE
    STK.c                                    0x00000000   Number         0  stk.o ABSOLUTE
    dc.s                                     0x00000000   Number         0  dc.o ABSOLUTE
    main.c                                   0x00000000   Number         0  main.o ABSOLUTE
    system_stm32f4xx.c                       0x00000000   Number         0  system_stm32f4xx.o ABSOLUTE
    RESET                                    0x08000000   Section      404  startup_stm32f401xc.o(RESET)
    !!!main                                  0x08000194   Section        8  __main.o(!!!main)
    !!!scatter                               0x0800019c   Section       52  __scatter.o(!!!scatter)
    !!handler_copy                           0x080001d0   Section       26  __scatter_copy.o(!!handler_copy)
    !!handler_zi                             0x080001ec   Section       28  __scatter_zi.o(!!handler_zi)
    .ARM.Collect$$_printf_percent$$00000000  0x08000208   Section        0  _printf_percent.o(.ARM.Collect$$_printf_percent$$00000000)
    .ARM.Collect$$_printf_percent$$00000001  0x08000208   Section        6  _printf_n.o(.ARM.Collect$$_printf_percent$$00000001)
    .ARM.Collect$$_printf_percent$$00000002  0x0800020e   Section        6  _printf_p.o(.ARM.Collect$$_printf_percent$$00000002)
    .ARM.Collect$$_printf_percent$$00000003  0x08000214   Section        6  _printf_f.o(.ARM.Collect$$_printf_percent$$00000003)
    .ARM.Collect$$_printf_percent$$00000004  0x0800021a   Section        6  _printf_e.o(.ARM.Collect$$_printf_percent$$00000004)
    .ARM.Collect$$_printf_percent$$00000005  0x08000220   Section        6  _printf_g.o(.ARM.Collect$$_printf_percent$$00000005)
    .ARM.Collect$$_printf_percent$$00000006  0x08000226   Section        6  _printf_a.o(.ARM.Collect$$_printf_percent$$00000006)
    .ARM.Collect$$_printf_percent$$00000007  0x0800022c   Section       10  _printf_ll.o(.ARM.Collect$$_printf_percent$$00000007)
    .ARM.Collect$$_printf_percent$$00000008  0x08000236   Section        6  _printf_i.o(.ARM.Collect$$_printf_percent$$00000008)
    .ARM.Collect$$_printf_percent$$00000009  0x0800023c   Section        6  _printf_d.o(.ARM.Collect$$_printf_percent$$00000009)
    .ARM.Collect$$_printf_percent$$0000000A  0x08000242   Section        6  _printf_u.o(.ARM.Collect$$_printf_percent$$0000000A)
    .ARM.Collect$$_printf_percent$$0000000B  0x08000248   Section        6  _printf_o.o(.ARM.Collect$$_printf_percent$$0000000B)
    .ARM.Collect$$_printf_percent$$0000000C  0x0800024e   Section        6  _printf_x.o(.ARM.Collect$$_printf_percent$$0000000C)
    .ARM.Collect$$_printf_percent$$0000000D  0x08000254   Section        6  _printf_lli.o(.ARM.Collect$$_printf_percent$$0000000D)
    .ARM.Collect$$_printf_percent$$0000000E  0x0800025a   Section        6  _printf_lld.o(.ARM.Collect$$_printf_percent$$0000000E)
    .ARM.Collect$$_printf_percent$$0000000F  0x08000260   Section        6  _printf_llu.o(.ARM.Collect$$_printf_percent$$0000000F)
    .ARM.Collect$$_printf_percent$$00000010  0x08000266   Section        6  _printf_llo.o(.ARM.Collect$$_printf_percent$$00000010)
    .ARM.Collect$$_printf_percent$$00000011  0x0800026c   Section        6  _printf_llx.o(.ARM.Collect$$_printf_percent$$00000011)
    .ARM.Collect$$_printf_percent$$00000012  0x08000272   Section       10  _printf_l.o(.ARM.Collect$$_printf_percent$$00000012)
    .ARM.Collect$$_printf_percent$$00000013  0x0800027c   Section        6  _printf_c.o(.ARM.Collect$$_printf_percent$$00000013)
    .ARM.Collect$$_printf_percent$$00000014  0x08000282   Section        6  _printf_s.o(.ARM.Collect$$_printf_percent$$00000014)
    .ARM.Collect$$_printf_percent$$00000015  0x08000288   Section        6  _printf_lc.o(.ARM.Collect$$_printf_percent$$00000015)
    .ARM.Collect$$_printf_percent$$00000016  0x0800028e   Section        6  _printf_ls.o(.ARM.Collect$$_printf_percent$$00000016)
    .ARM.Collect$$_printf_percent$$00000017  0x08000294   Section        4  _printf_percent_end.o(.ARM.Collect$$_printf_percent$$00000017)
    .ARM.Collect$$libinit$$00000000          0x08000298   Section        2  libinit.o(.ARM.Collect$$libinit$$00000000)
    .ARM.Collect$$libinit$$00000001          0x0800029a   Section        4  libinit2.o(.ARM.Collect$$libinit$$00000001)
    .ARM.Collect$$libinit$$00000004          0x0800029e   Section        0  libinit2.o(.ARM.Collect$$libinit$$00000004)
    .ARM.Collect$$libinit$$00000006          0x0800029e   Section        0  libinit2.o(.ARM.Collect$$libinit$$00000006)
    .ARM.Collect$$libinit$$0000000C          0x0800029e   Section        0  libinit2.o(.ARM.Collect$$libinit$$0000000C)
    .ARM.Collect$$libinit$$0000000E          0x0800029e   Section        0  libinit2.o(.ARM.Collect$$libinit$$0000000E)
    .ARM.Collect$$libinit$$00000010          0x0800029e   Section        0  libinit2.o(.ARM.Collect$$libinit$$00000010)
    .ARM.Collect$$libinit$$00000011          0x0800029e   Section        6  libinit2.o(.ARM.Collect$$libinit$$00000011)
    .ARM.Collect$$libinit$$00000013          0x080002a4   Section        0  libinit2.o(.ARM.Collect$$libinit$$00000013)
    .ARM.Collect$$libinit$$00000014          0x080002a4   Section       12  libinit2.o(.ARM.Collect$$libinit$$00000014)
    .ARM.Collect$$libinit$$00000015          0x080002b0   Section        0  libinit2.o(.ARM.Collect$$libinit$$00000015)
    .ARM.Collect$$libinit$$00000017          0x080002b0   Section        0  libinit2.o(.ARM.Collect$$libinit$$00000017)
    .ARM.Collect$$libinit$$00000018          0x080002b0   Section       10  libinit2.o(.ARM.Collect$$libinit$$00000018)
    .ARM.Collect$$libinit$$00000019          0x080002ba   Section        0  libinit2.o(.ARM.Collect$$libinit$$00000019)
    .ARM.Collect$$libinit$$0000001B          0x080002ba   Section        0  libinit2.o(.ARM.Collect$$libinit$$0000001B)
    .ARM.Collect$$libinit$$0000001D          0x080002ba   Section        0  libinit2.o(.ARM.Collect$$libinit$$0000001D)
    .ARM.Collect$$libinit$$0000001F          0x080002ba   Section        0  libinit2.o(.ARM.Collect$$libinit$$0000001F)
    .ARM.Collect$$libinit$$00000021          0x080002ba   Section        0  libinit2.o(.ARM.Collect$$libinit$$00000021)
    .ARM.Collect$$libinit$$00000023          0x080002ba   Section        0  libinit2.o(.ARM.Collect$$libinit$$00000023)
    .ARM.Collect$$libinit$$00000025          0x080002ba   Section        0  libinit2.o(.ARM.Collect$$libinit$$00000025)
    .ARM.Collect$$libinit$$00000027          0x080002ba   Section        0  libinit2.o(.ARM.Collect$$libinit$$00000027)
    .ARM.Collect$$libinit$$0000002E          0x080002ba   Section        0  libinit2.o(.ARM.Collect$$libinit$$0000002E)
    .ARM.Collect$$libinit$$00000030          0x080002ba   Section        0  libinit2.o(.ARM.Collect$$libinit$$00000030)
    .ARM.Collect$$libinit$$00000032          0x080002ba   Section        0  libinit2.o(.ARM.Collect$$libinit$$00000032)
    .ARM.Collect$$libinit$$00000034          0x080002ba   Section        0  libinit2.o(.ARM.Collect$$libinit$$00000034)
    .ARM.Collect$$libinit$$00000035          0x080002ba   Section        2  libinit2.o(.ARM.Collect$$libinit$$00000035)
    .ARM.Collect$$libshutdown$$00000000      0x080002bc   Section        2  libshutdown.o(.ARM.Collect$$libshutdown$$00000000)
    .ARM.Collect$$libshutdown$$00000002      0x080002be   Section        0  libshutdown2.o(.ARM.Collect$$libshutdown$$00000002)
    .ARM.Collect$$libshutdown$$00000004      0x080002be   Section        0  libshutdown2.o(.ARM.Collect$$libshutdown$$00000004)
    .ARM.Collect$$libshutdown$$00000007      0x080002be   Section        0  libshutdown2.o(.ARM.Collect$$libshutdown$$00000007)
    .ARM.Collect$$libshutdown$$0000000A      0x080002be   Section        0  libshutdown2.o(.ARM.Collect$$libshutdown$$0000000A)
    .ARM.Collect$$libshutdown$$0000000C      0x080002be   Section        0  libshutdown2.o(.ARM.Collect$$libshutdown$$0000000C)
    .ARM.Collect$$libshutdown$$0000000F      0x080002be   Section        0  libshutdown2.o(.ARM.Collect$$libshutdown$$0000000F)
    .ARM.Collect$$libshutdown$$00000010      0x080002be   Section        2  libshutdown2.o(.ARM.Collect$$libshutdown$$00000010)
    .ARM.Collect$$rtentry$$00000000          0x080002c0   Section        0  __rtentry.o(.ARM.Collect$$rtentry$$00000000)
    .ARM.Collect$$rtentry$$00000002          0x080002c0   Section        0  __rtentry2.o(.ARM.Collect$$rtentry$$00000002)
    .ARM.Collect$$rtentry$$00000004          0x080002c0   Section        6  __rtentry4.o(.ARM.Collect$$rtentry$$00000004)
    .ARM.Collect$$rtentry$$00000009          0x080002c6   Section        0  __rtentry2.o(.ARM.Collect$$rtentry$$00000009)
    .ARM.Collect$$rtentry$$0000000A          0x080002c6   Section        4  __rtentry2.o(.ARM.Collect$$rtentry$$0000000A)
    .ARM.Collect$$rtentry$$0000000C          0x080002ca   Section        0  __rtentry2.o(.ARM.Collect$$rtentry$$0000000C)
    .ARM.Collect$$rtentry$$0000000D          0x080002ca   Section        8  __rtentry2.o(.ARM.Collect$$rtentry$$0000000D)
    .ARM.Collect$$rtexit$$00000000           0x080002d2   Section        2  rtexit.o(.ARM.Collect$$rtexit$$00000000)
    .ARM.Collect$$rtexit$$00000002           0x080002d4   Section        0  rtexit2.o(.ARM.Collect$$rtexit$$00000002)
    .ARM.Collect$$rtexit$$00000003           0x080002d4   Section        4  rtexit2.o(.ARM.Collect$$rtexit$$00000003)
    .ARM.Collect$$rtexit$$00000004           0x080002d8   Section        6  rtexit2.o(.ARM.Collect$$rtexit$$00000004)
    $v0                                      0x080002e0   Number         0  startup_stm32f401xc.o(.text)
    .text                                    0x080002e0   Section       64  startup_stm32f401xc.o(.text)
    .text                                    0x08000320   Section        0  snprintf.o(.text)
    .text                                    0x08000360   Section        0  heapauxi.o(.text)
    .text                                    0x08000366   Section        0  _printf_pad.o(.text)
    .text                                    0x080003b4   Section        0  _printf_truncate.o(.text)
    .text                                    0x080003d8   Section        0  _printf_str.o(.text)
    .text                                    0x0800042c   Section        0  _printf_dec.o(.text)
    .text                                    0x080004a4   Section        0  _printf_charcount.o(.text)
    _printf_input_char                       0x080004cd   Thumb Code    10  _printf_char_common.o(.text)
    .text                                    0x080004cc   Section        0  _printf_char_common.o(.text)
    .text                                    0x080004fc   Section        0  _snputc.o(.text)
    .text                                    0x0800050c   Section        0  _printf_wctomb.o(.text)
    .text                                    0x080005c8   Section        0  _printf_longlong_dec.o(.text)
    _printf_longlong_oct_internal            0x08000645   Thumb Code     0  _printf_oct_int_ll.o(.text)
    .text                                    0x08000644   Section        0  _printf_oct_int_ll.o(.text)
    _printf_hex_common                       0x080006b5   Thumb Code     0  _printf_hex_int_ll_ptr.o(.text)
    .text                                    0x080006b4   Section        0  _printf_hex_int_ll_ptr.o(.text)
    .text                                    0x08000748   Section        0  __printf_flags_ss_wp.o(.text)
    .text                                    0x080008d0   Section      138  lludiv10.o(.text)
    .text                                    0x0800095a   Section        0  _printf_intcommon.o(.text)
    _fp_digits                               0x08000a0d   Thumb Code   432  _printf_fp_dec.o(.text)
    .text                                    0x08000a0c   Section        0  _printf_fp_dec.o(.text)
    .text                                    0x08000e28   Section        0  _printf_fp_hex.o(.text)
    .text                                    0x08001124   Section        0  _printf_char.o(.text)
    .text                                    0x08001150   Section        0  _printf_wchar.o(.text)
    .text                                    0x0800117c   Section        0  _c16rtomb.o(.text)
    .text                                    0x080011c4   Section       74  sys_stackheap_outer.o(.text)
    .text                                    0x08001210   Section       16  rt_ctype_table.o(.text)
    .text                                    0x08001220   Section        8  rt_locale_intlibspace.o(.text)
    .text                                    0x08001228   Section        0  _printf_fp_infnan.o(.text)
    .text                                    0x080012a8   Section        0  bigflt0.o(.text)
    .text                                    0x0800138c   Section        0  exit.o(.text)
    .text                                    0x080013a0   Section        8  libspace.o(.text)
    .text                                    0x080013a8   Section      124  strcmpv7em.o(.text)
    .text                                    0x08001424   Section        0  sys_exit.o(.text)
    .text                                    0x08001430   Section        2  use_no_semi.o(.text)
    .text                                    0x08001432   Section        0  indicate_semi.o(.text)
    [Anonymous Symbol]                       0x08001434   Section        0  gpio.o(.text.GPIO_u8GetPinValue)
    [Anonymous Symbol]                       0x0800148c   Section        0  gpio.o(.text.GPIO_u8SetPinMode)
    [Anonymous Symbol]                       0x080015d8   Section        0  gpio.o(.text.GPIO_u8WritePinValue)
    [Anonymous Symbol]                       0x0800166c   Section        0  keypad.o(.text.KEYPAD_getPressedKey)
    [Anonymous Symbol]                       0x0800178c   Section        0  keypad.o(.text.KEYPAD_init)
    [Anonymous Symbol]                       0x08001800   Section        0  lcd.o(.text.LCD_clearScreen)
    [Anonymous Symbol]                       0x0800180c   Section        0  lcd.o(.text.LCD_displayCharacter)
    [Anonymous Symbol]                       0x08001900   Section        0  lcd.o(.text.LCD_displayString)
    [Anonymous Symbol]                       0x08001938   Section        0  lcd.o(.text.LCD_init)
    [Anonymous Symbol]                       0x080019b4   Section        0  lcd.o(.text.LCD_intgerToString)
    [Anonymous Symbol]                       0x080019d8   Section        0  lcd.o(.text.LCD_moveCursor)
    [Anonymous Symbol]                       0x08001a48   Section        0  lcd.o(.text.LCD_sendCommand)
    [Anonymous Symbol]                       0x08001b3c   Section        0  rcc.o(.text.RCC_u8EnableDisablPeripheralClk)
    [Anonymous Symbol]                       0x08001ce4   Section        0  rcc.o(.text.RCC_u8InitSysClk)
    [Anonymous Symbol]                       0x08001da4   Section        0  stk.o(.text.STK_u8Init)
    [Anonymous Symbol]                       0x08001de8   Section        0  stk.o(.text.STK_u8SetmSBusyWait)
    [Anonymous Symbol]                       0x08001e20   Section        0  stk.o(.text.STK_u8SetuSBusyWait)
    [Anonymous Symbol]                       0x08001ed4   Section        0  stk.o(.text.SysTick_Handler)
    [Anonymous Symbol]                       0x08001f44   Section        0  system_stm32f4xx.o(.text.SystemInit)
    [Anonymous Symbol]                       0x08001f58   Section        0  main.o(.text.main)
    CL$$btod_d2e                             0x080022aa   Section       62  btod.o(CL$$btod_d2e)
    CL$$btod_d2e_denorm_low                  0x080022e8   Section       70  btod.o(CL$$btod_d2e_denorm_low)
    CL$$btod_d2e_norm_op1                    0x0800232e   Section       96  btod.o(CL$$btod_d2e_norm_op1)
    CL$$btod_div_common                      0x08002390   Section      824  btod.o(CL$$btod_div_common)
    CL$$btod_e2e                             0x080026c8   Section      220  btod.o(CL$$btod_e2e)
    CL$$btod_ediv                            0x080027a4   Section       42  btod.o(CL$$btod_ediv)
    CL$$btod_emul                            0x080027ce   Section       42  btod.o(CL$$btod_emul)
    CL$$btod_mult_common                     0x080027f8   Section      580  btod.o(CL$$btod_mult_common)
    i.__ARM_fpclassify                       0x08002a3c   Section        0  fpclassify.o(i.__ARM_fpclassify)
    i._is_digit                              0x08002a6c   Section        0  __printf_wp.o(i._is_digit)
    locale$$code                             0x08002a7c   Section       44  lc_numeric_c.o(locale$$code)
    locale$$code                             0x08002aa8   Section       44  lc_ctype_c.o(locale$$code)
    $v0                                      0x08002ad4   Number         0  fpinit.o(x$fpl$fpinit)
    x$fpl$fpinit                             0x08002ad4   Section       26  fpinit.o(x$fpl$fpinit)
    $v0                                      0x08002aee   Number         0  printf1.o(x$fpl$printf1)
    x$fpl$printf1                            0x08002aee   Section        4  printf1.o(x$fpl$printf1)
    $v0                                      0x08002af2   Number         0  printf2.o(x$fpl$printf2)
    x$fpl$printf2                            0x08002af2   Section        4  printf2.o(x$fpl$printf2)
    x$fpl$usenofp                            0x08002af6   Section        0  usenofp.o(x$fpl$usenofp)
    initial_mbstate                          0x08002af8   Data           8  _printf_wctomb.o(.constdata)
    .constdata                               0x08002af8   Section        8  _printf_wctomb.o(.constdata)
    uc_hextab                                0x08002b00   Data          20  _printf_hex_int_ll_ptr.o(.constdata)
    .constdata                               0x08002b00   Section       40  _printf_hex_int_ll_ptr.o(.constdata)
    lc_hextab                                0x08002b14   Data          20  _printf_hex_int_ll_ptr.o(.constdata)
    maptable                                 0x08002b28   Data          17  __printf_flags_ss_wp.o(.constdata)
    .constdata                               0x08002b28   Section       17  __printf_flags_ss_wp.o(.constdata)
    lc_hextab                                0x08002b39   Data          19  _printf_fp_hex.o(.constdata)
    .constdata                               0x08002b39   Section       38  _printf_fp_hex.o(.constdata)
    uc_hextab                                0x08002b4c   Data          19  _printf_fp_hex.o(.constdata)
    tenpwrs_x                                0x08002b60   Data          60  bigflt0.o(.constdata)
    .constdata                               0x08002b60   Section      148  bigflt0.o(.constdata)
    tenpwrs_i                                0x08002b9c   Data          64  bigflt0.o(.constdata)
    .L.str                                   0x08002bf4   Data          10  main.o(.rodata.str1.1)
    [Anonymous Symbol]                       0x08002bf4   Section        0  main.o(.rodata.str1.1)
    .L.str.1                                 0x08002bfe   Data          10  main.o(.rodata.str1.1)
    .L.str                                   0x08002c08   Data           3  lcd.o(.rodata.str1.1)
    [Anonymous Symbol]                       0x08002c08   Section        0  lcd.o(.rodata.str1.1)
    locale$$data                             0x08002c2c   Section       28  lc_numeric_c.o(locale$$data)
    __lcnum_c_name                           0x08002c30   Data           2  lc_numeric_c.o(locale$$data)
    __lcnum_c_start                          0x08002c38   Data           0  lc_numeric_c.o(locale$$data)
    __lcnum_c_point                          0x08002c44   Data           0  lc_numeric_c.o(locale$$data)
    __lcnum_c_thousands                      0x08002c46   Data           0  lc_numeric_c.o(locale$$data)
    __lcnum_c_grouping                       0x08002c47   Data           0  lc_numeric_c.o(locale$$data)
    __lcnum_c_end                            0x08002c48   Data           0  lc_numeric_c.o(locale$$data)
    locale$$data                             0x08002c48   Section      272  lc_ctype_c.o(locale$$data)
    __lcctype_c_name                         0x08002c4c   Data           2  lc_ctype_c.o(locale$$data)
    __lcctype_c_start                        0x08002c54   Data           0  lc_ctype_c.o(locale$$data)
    __lcctype_c_end                          0x08002d58   Data           0  lc_ctype_c.o(locale$$data)
    GPIO_Astr                                0x20000000   Data          24  gpio.o(.data.GPIO_Astr)
    [Anonymous Symbol]                       0x20000000   Section        0  gpio.o(.data.GPIO_Astr)
    .bss                                     0x20000018   Section       96  libspace.o(.bss)
    STK_Pf                                   0x20000078   Data           4  stk.o(.bss.STK_Pf)
    [Anonymous Symbol]                       0x20000078   Section        0  stk.o(.bss.STK_Pf)
    STK_u8ModeOfInterval                     0x2000007c   Data           1  stk.o(.bss.STK_u8ModeOfInterval)
    [Anonymous Symbol]                       0x2000007c   Section        0  stk.o(.bss.STK_u8ModeOfInterval)
    Heap_Mem                                 0x20000090   Data         512  startup_stm32f401xc.o(HEAP)
    HEAP                                     0x20000090   Section      512  startup_stm32f401xc.o(HEAP)
    Stack_Mem                                0x20000290   Data        1024  startup_stm32f401xc.o(STACK)
    STACK                                    0x20000290   Section     1024  startup_stm32f401xc.o(STACK)
    __initial_sp                             0x20000690   Data           0  startup_stm32f401xc.o(STACK)

    Global Symbols

    Symbol Name                              Value     Ov Type        Size  Object(Section)

    BuildAttributes$$THM_ISAv4$E$P$D$K$B$S$7EM$VFPi3$EXTD16$VFPS$VFMA$PE$A:L22UL41UL21$X:L11$S22US41US21$IEEE1$IW$~IW$USESV6$~STKCKD$USESV7$~SHL$OTIME$ROPI$IEEEJ$EBA8$UX$STANDARDLIB$REQ8$PRES8$EABIv2 0x00000000   Number         0  anon$$obj.o ABSOLUTE
    _printf_flags                            0x00000000   Number         0  printf_stubs.o ABSOLUTE
    _printf_return_value                     0x00000000   Number         0  printf_stubs.o ABSOLUTE
    _printf_sizespec                         0x00000000   Number         0  printf_stubs.o ABSOLUTE
    _printf_widthprec                        0x00000000   Number         0  printf_stubs.o ABSOLUTE
    __ARM_exceptions_init                     - Undefined Weak Reference
    __alloca_initialize                       - Undefined Weak Reference
    __arm_preinit_                            - Undefined Weak Reference
    __arm_relocate_pie_                       - Undefined Weak Reference
    __cpp_initialize__aeabi_                  - Undefined Weak Reference
    __cxa_finalize                            - Undefined Weak Reference
    __sigvec_lookup                           - Undefined Weak Reference
    _atexit_init                              - Undefined Weak Reference
    _call_atexit_fns                          - Undefined Weak Reference
    _clock_init                               - Undefined Weak Reference
    _fp_trap_init                             - Undefined Weak Reference
    _fp_trap_shutdown                         - Undefined Weak Reference
    _get_lc_collate                           - Undefined Weak Reference
    _get_lc_monetary                          - Undefined Weak Reference
    _get_lc_time                              - Undefined Weak Reference
    _getenv_init                              - Undefined Weak Reference
    _handle_redirection                       - Undefined Weak Reference
    _init_alloc                               - Undefined Weak Reference
    _init_user_alloc                          - Undefined Weak Reference
    _initio                                   - Undefined Weak Reference
    _printf_mbtowc                            - Undefined Weak Reference
    _printf_wc                                - Undefined Weak Reference
    _rand_init                                - Undefined Weak Reference
    _signal_finish                            - Undefined Weak Reference
    _signal_init                              - Undefined Weak Reference
    _terminate_alloc                          - Undefined Weak Reference
    _terminate_user_alloc                     - Undefined Weak Reference
    _terminateio                              - Undefined Weak Reference
    __Vectors_Size                           0x00000194   Number         0  startup_stm32f401xc.o ABSOLUTE
    __Vectors                                0x08000000   Data           4  startup_stm32f401xc.o(RESET)
    __Vectors_End                            0x08000194   Data           0  startup_stm32f401xc.o(RESET)
    __main                                   0x08000195   Thumb Code     8  __main.o(!!!main)
    __scatterload                            0x0800019d   Thumb Code     0  __scatter.o(!!!scatter)
    __scatterload_rt2                        0x0800019d   Thumb Code    44  __scatter.o(!!!scatter)
    __scatterload_rt2_thumb_only             0x0800019d   Thumb Code     0  __scatter.o(!!!scatter)
    __scatterload_null                       0x080001ab   Thumb Code     0  __scatter.o(!!!scatter)
    __scatterload_copy                       0x080001d1   Thumb Code    26  __scatter_copy.o(!!handler_copy)
    __scatterload_zeroinit                   0x080001ed   Thumb Code    28  __scatter_zi.o(!!handler_zi)
    _printf_n                                0x08000209   Thumb Code     0  _printf_n.o(.ARM.Collect$$_printf_percent$$00000001)
    _printf_percent                          0x08000209   Thumb Code     0  _printf_percent.o(.ARM.Collect$$_printf_percent$$00000000)
    _printf_p                                0x0800020f   Thumb Code     0  _printf_p.o(.ARM.Collect$$_printf_percent$$00000002)
    _printf_f                                0x08000215   Thumb Code     0  _printf_f.o(.ARM.Collect$$_printf_percent$$00000003)
    _printf_e                                0x0800021b   Thumb Code     0  _printf_e.o(.ARM.Collect$$_printf_percent$$00000004)
    _printf_g                                0x08000221   Thumb Code     0  _printf_g.o(.ARM.Collect$$_printf_percent$$00000005)
    _printf_a                                0x08000227   Thumb Code     0  _printf_a.o(.ARM.Collect$$_printf_percent$$00000006)
    _printf_ll                               0x0800022d   Thumb Code     0  _printf_ll.o(.ARM.Collect$$_printf_percent$$00000007)
    _printf_i                                0x08000237   Thumb Code     0  _printf_i.o(.ARM.Collect$$_printf_percent$$00000008)
    _printf_d                                0x0800023d   Thumb Code     0  _printf_d.o(.ARM.Collect$$_printf_percent$$00000009)
    _printf_u                                0x08000243   Thumb Code     0  _printf_u.o(.ARM.Collect$$_printf_percent$$0000000A)
    _printf_o                                0x08000249   Thumb Code     0  _printf_o.o(.ARM.Collect$$_printf_percent$$0000000B)
    _printf_x                                0x0800024f   Thumb Code     0  _printf_x.o(.ARM.Collect$$_printf_percent$$0000000C)
    _printf_lli                              0x08000255   Thumb Code     0  _printf_lli.o(.ARM.Collect$$_printf_percent$$0000000D)
    _printf_lld                              0x0800025b   Thumb Code     0  _printf_lld.o(.ARM.Collect$$_printf_percent$$0000000E)
    _printf_llu                              0x08000261   Thumb Code     0  _printf_llu.o(.ARM.Collect$$_printf_percent$$0000000F)
    _printf_llo                              0x08000267   Thumb Code     0  _printf_llo.o(.ARM.Collect$$_printf_percent$$00000010)
    _printf_llx                              0x0800026d   Thumb Code     0  _printf_llx.o(.ARM.Collect$$_printf_percent$$00000011)
    _printf_l                                0x08000273   Thumb Code     0  _printf_l.o(.ARM.Collect$$_printf_percent$$00000012)
    _printf_c                                0x0800027d   Thumb Code     0  _printf_c.o(.ARM.Collect$$_printf_percent$$00000013)
    _printf_s                                0x08000283   Thumb Code     0  _printf_s.o(.ARM.Collect$$_printf_percent$$00000014)
    _printf_lc                               0x08000289   Thumb Code     0  _printf_lc.o(.ARM.Collect$$_printf_percent$$00000015)
    _printf_ls                               0x0800028f   Thumb Code     0  _printf_ls.o(.ARM.Collect$$_printf_percent$$00000016)
    _printf_percent_end                      0x08000295   Thumb Code     0  _printf_percent_end.o(.ARM.Collect$$_printf_percent$$00000017)
    __rt_lib_init                            0x08000299   Thumb Code     0  libinit.o(.ARM.Collect$$libinit$$00000000)
    __rt_lib_init_fp_1                       0x0800029b   Thumb Code     0  libinit2.o(.ARM.Collect$$libinit$$00000001)
    __rt_lib_init_heap_1                     0x0800029f   Thumb Code     0  libinit2.o(.ARM.Collect$$libinit$$0000000C)
    __rt_lib_init_lc_common                  0x0800029f   Thumb Code     0  libinit2.o(.ARM.Collect$$libinit$$00000011)
    __rt_lib_init_preinit_1                  0x0800029f   Thumb Code     0  libinit2.o(.ARM.Collect$$libinit$$00000006)
    __rt_lib_init_rand_1                     0x0800029f   Thumb Code     0  libinit2.o(.ARM.Collect$$libinit$$00000010)
    __rt_lib_init_relocate_pie_1             0x0800029f   Thumb Code     0  libinit2.o(.ARM.Collect$$libinit$$00000004)
    __rt_lib_init_user_alloc_1               0x0800029f   Thumb Code     0  libinit2.o(.ARM.Collect$$libinit$$0000000E)
    __rt_lib_init_lc_collate_1               0x080002a5   Thumb Code     0  libinit2.o(.ARM.Collect$$libinit$$00000013)
    __rt_lib_init_lc_ctype_2                 0x080002a5   Thumb Code     0  libinit2.o(.ARM.Collect$$libinit$$00000014)
    __rt_lib_init_lc_ctype_1                 0x080002b1   Thumb Code     0  libinit2.o(.ARM.Collect$$libinit$$00000015)
    __rt_lib_init_lc_monetary_1              0x080002b1   Thumb Code     0  libinit2.o(.ARM.Collect$$libinit$$00000017)
    __rt_lib_init_lc_numeric_2               0x080002b1   Thumb Code     0  libinit2.o(.ARM.Collect$$libinit$$00000018)
    __rt_lib_init_alloca_1                   0x080002bb   Thumb Code     0  libinit2.o(.ARM.Collect$$libinit$$00000030)
    __rt_lib_init_argv_1                     0x080002bb   Thumb Code     0  libinit2.o(.ARM.Collect$$libinit$$0000002E)
    __rt_lib_init_atexit_1                   0x080002bb   Thumb Code     0  libinit2.o(.ARM.Collect$$libinit$$0000001D)
    __rt_lib_init_clock_1                    0x080002bb   Thumb Code     0  libinit2.o(.ARM.Collect$$libinit$$00000023)
    __rt_lib_init_cpp_1                      0x080002bb   Thumb Code     0  libinit2.o(.ARM.Collect$$libinit$$00000034)
    __rt_lib_init_exceptions_1               0x080002bb   Thumb Code     0  libinit2.o(.ARM.Collect$$libinit$$00000032)
    __rt_lib_init_fp_trap_1                  0x080002bb   Thumb Code     0  libinit2.o(.ARM.Collect$$libinit$$00000021)
    __rt_lib_init_getenv_1                   0x080002bb   Thumb Code     0  libinit2.o(.ARM.Collect$$libinit$$00000025)
    __rt_lib_init_lc_numeric_1               0x080002bb   Thumb Code     0  libinit2.o(.ARM.Collect$$libinit$$00000019)
    __rt_lib_init_lc_time_1                  0x080002bb   Thumb Code     0  libinit2.o(.ARM.Collect$$libinit$$0000001B)
    __rt_lib_init_return                     0x080002bb   Thumb Code     0  libinit2.o(.ARM.Collect$$libinit$$00000035)
    __rt_lib_init_signal_1                   0x080002bb   Thumb Code     0  libinit2.o(.ARM.Collect$$libinit$$0000001F)
    __rt_lib_init_stdio_1                    0x080002bb   Thumb Code     0  libinit2.o(.ARM.Collect$$libinit$$00000027)
    __rt_lib_shutdown                        0x080002bd   Thumb Code     0  libshutdown.o(.ARM.Collect$$libshutdown$$00000000)
    __rt_lib_shutdown_cpp_1                  0x080002bf   Thumb Code     0  libshutdown2.o(.ARM.Collect$$libshutdown$$00000002)
    __rt_lib_shutdown_fp_trap_1              0x080002bf   Thumb Code     0  libshutdown2.o(.ARM.Collect$$libshutdown$$00000007)
    __rt_lib_shutdown_heap_1                 0x080002bf   Thumb Code     0  libshutdown2.o(.ARM.Collect$$libshutdown$$0000000F)
    __rt_lib_shutdown_return                 0x080002bf   Thumb Code     0  libshutdown2.o(.ARM.Collect$$libshutdown$$00000010)
    __rt_lib_shutdown_signal_1               0x080002bf   Thumb Code     0  libshutdown2.o(.ARM.Collect$$libshutdown$$0000000A)
    __rt_lib_shutdown_stdio_1                0x080002bf   Thumb Code     0  libshutdown2.o(.ARM.Collect$$libshutdown$$00000004)
    __rt_lib_shutdown_user_alloc_1           0x080002bf   Thumb Code     0  libshutdown2.o(.ARM.Collect$$libshutdown$$0000000C)
    __rt_entry                               0x080002c1   Thumb Code     0  __rtentry.o(.ARM.Collect$$rtentry$$00000000)
    __rt_entry_presh_1                       0x080002c1   Thumb Code     0  __rtentry2.o(.ARM.Collect$$rtentry$$00000002)
    __rt_entry_sh                            0x080002c1   Thumb Code     0  __rtentry4.o(.ARM.Collect$$rtentry$$00000004)
    __rt_entry_li                            0x080002c7   Thumb Code     0  __rtentry2.o(.ARM.Collect$$rtentry$$0000000A)
    __rt_entry_postsh_1                      0x080002c7   Thumb Code     0  __rtentry2.o(.ARM.Collect$$rtentry$$00000009)
    __rt_entry_main                          0x080002cb   Thumb Code     0  __rtentry2.o(.ARM.Collect$$rtentry$$0000000D)
    __rt_entry_postli_1                      0x080002cb   Thumb Code     0  __rtentry2.o(.ARM.Collect$$rtentry$$0000000C)
    __rt_exit                                0x080002d3   Thumb Code     0  rtexit.o(.ARM.Collect$$rtexit$$00000000)
    __rt_exit_ls                             0x080002d5   Thumb Code     0  rtexit2.o(.ARM.Collect$$rtexit$$00000003)
    __rt_exit_prels_1                        0x080002d5   Thumb Code     0  rtexit2.o(.ARM.Collect$$rtexit$$00000002)
    __rt_exit_exit                           0x080002d9   Thumb Code     0  rtexit2.o(.ARM.Collect$$rtexit$$00000004)
    Reset_Handler                            0x080002e1   Thumb Code     8  startup_stm32f401xc.o(.text)
    NMI_Handler                              0x080002e9   Thumb Code     2  startup_stm32f401xc.o(.text)
    HardFault_Handler                        0x080002eb   Thumb Code     2  startup_stm32f401xc.o(.text)
    MemManage_Handler                        0x080002ed   Thumb Code     2  startup_stm32f401xc.o(.text)
    BusFault_Handler                         0x080002ef   Thumb Code     2  startup_stm32f401xc.o(.text)
    UsageFault_Handler                       0x080002f1   Thumb Code     2  startup_stm32f401xc.o(.text)
    SVC_Handler                              0x080002f3   Thumb Code     2  startup_stm32f401xc.o(.text)
    DebugMon_Handler                         0x080002f5   Thumb Code     2  startup_stm32f401xc.o(.text)
    PendSV_Handler                           0x080002f7   Thumb Code     2  startup_stm32f401xc.o(.text)
    ADC_IRQHandler                           0x080002fb   Thumb Code     0  startup_stm32f401xc.o(.text)
    DMA1_Stream0_IRQHandler                  0x080002fb   Thumb Code     0  startup_stm32f401xc.o(.text)
    DMA1_Stream1_IRQHandler                  0x080002fb   Thumb Code     0  startup_stm32f401xc.o(.text)
    DMA1_Stream2_IRQHandler                  0x080002fb   Thumb Code     0  startup_stm32f401xc.o(.text)
    DMA1_Stream3_IRQHandler                  0x080002fb   Thumb Code     0  startup_stm32f401xc.o(.text)
    DMA1_Stream4_IRQHandler                  0x080002fb   Thumb Code     0  startup_stm32f401xc.o(.text)
    DMA1_Stream5_IRQHandler                  0x080002fb   Thumb Code     0  startup_stm32f401xc.o(.text)
    DMA1_Stream6_IRQHandler                  0x080002fb   Thumb Code     0  startup_stm32f401xc.o(.text)
    DMA1_Stream7_IRQHandler                  0x080002fb   Thumb Code     0  startup_stm32f401xc.o(.text)
    DMA2_Stream0_IRQHandler                  0x080002fb   Thumb Code     0  startup_stm32f401xc.o(.text)
    DMA2_Stream1_IRQHandler                  0x080002fb   Thumb Code     0  startup_stm32f401xc.o(.text)
    DMA2_Stream2_IRQHandler                  0x080002fb   Thumb Code     0  startup_stm32f401xc.o(.text)
    DMA2_Stream3_IRQHandler                  0x080002fb   Thumb Code     0  startup_stm32f401xc.o(.text)
    DMA2_Stream4_IRQHandler                  0x080002fb   Thumb Code     0  startup_stm32f401xc.o(.text)
    DMA2_Stream5_IRQHandler                  0x080002fb   Thumb Code     0  startup_stm32f401xc.o(.text)
    DMA2_Stream6_IRQHandler                  0x080002fb   Thumb Code     0  startup_stm32f401xc.o(.text)
    DMA2_Stream7_IRQHandler                  0x080002fb   Thumb Code     0  startup_stm32f401xc.o(.text)
    EXTI0_IRQHandler                         0x080002fb   Thumb Code     0  startup_stm32f401xc.o(.text)
    EXTI15_10_IRQHandler                     0x080002fb   Thumb Code     0  startup_stm32f401xc.o(.text)
    EXTI1_IRQHandler                         0x080002fb   Thumb Code     0  startup_stm32f401xc.o(.text)
    EXTI2_IRQHandler                         0x080002fb   Thumb Code     0  startup_stm32f401xc.o(.text)
    EXTI3_IRQHandler                         0x080002fb   Thumb Code     0  startup_stm32f401xc.o(.text)
    EXTI4_IRQHandler                         0x080002fb   Thumb Code     0  startup_stm32f401xc.o(.text)
    EXTI9_5_IRQHandler                       0x080002fb   Thumb Code     0  startup_stm32f401xc.o(.text)
    FLASH_IRQHandler                         0x080002fb   Thumb Code     0  startup_stm32f401xc.o(.text)
    FPU_IRQHandler                           0x080002fb   Thumb Code     0  startup_stm32f401xc.o(.text)
    I2C1_ER_IRQHandler                       0x080002fb   Thumb Code     0  startup_stm32f401xc.o(.text)
    I2C1_EV_IRQHandler                       0x080002fb   Thumb Code     0  startup_stm32f401xc.o(.text)
    I2C2_ER_IRQHandler                       0x080002fb   Thumb Code     0  startup_stm32f401xc.o(.text)
    I2C2_EV_IRQHandler                       0x080002fb   Thumb Code     0  startup_stm32f401xc.o(.text)
    I2C3_ER_IRQHandler                       0x080002fb   Thumb Code     0  startup_stm32f401xc.o(.text)
    I2C3_EV_IRQHandler                       0x080002fb   Thumb Code     0  startup_stm32f401xc.o(.text)
    OTG_FS_IRQHandler                        0x080002fb   Thumb Code     0  startup_stm32f401xc.o(.text)
    OTG_FS_WKUP_IRQHandler                   0x080002fb   Thumb Code     0  startup_stm32f401xc.o(.text)
    PVD_IRQHandler                           0x080002fb   Thumb Code     0  startup_stm32f401xc.o(.text)
    RCC_IRQHandler                           0x080002fb   Thumb Code     0  startup_stm32f401xc.o(.text)
    RTC_Alarm_IRQHandler                     0x080002fb   Thumb Code     0  startup_stm32f401xc.o(.text)
    RTC_WKUP_IRQHandler                      0x080002fb   Thumb Code     0  startup_stm32f401xc.o(.text)
    SDIO_IRQHandler                          0x080002fb   Thumb Code     0  startup_stm32f401xc.o(.text)
    SPI1_IRQHandler                          0x080002fb   Thumb Code     0  startup_stm32f401xc.o(.text)
    SPI2_IRQHandler                          0x080002fb   Thumb Code     0  startup_stm32f401xc.o(.text)
    SPI3_IRQHandler                          0x080002fb   Thumb Code     0  startup_stm32f401xc.o(.text)
    SPI4_IRQHandler                          0x080002fb   Thumb Code     0  startup_stm32f401xc.o(.text)
    TAMP_STAMP_IRQHandler                    0x080002fb   Thumb Code     0  startup_stm32f401xc.o(.text)
    TIM1_BRK_TIM9_IRQHandler                 0x080002fb   Thumb Code     0  startup_stm32f401xc.o(.text)
    TIM1_CC_IRQHandler                       0x080002fb   Thumb Code     0  startup_stm32f401xc.o(.text)
    TIM1_TRG_COM_TIM11_IRQHandler            0x080002fb   Thumb Code     0  startup_stm32f401xc.o(.text)
    TIM1_UP_TIM10_IRQHandler                 0x080002fb   Thumb Code     0  startup_stm32f401xc.o(.text)
    TIM2_IRQHandler                          0x080002fb   Thumb Code     0  startup_stm32f401xc.o(.text)
    TIM3_IRQHandler                          0x080002fb   Thumb Code     0  startup_stm32f401xc.o(.text)
    TIM4_IRQHandler                          0x080002fb   Thumb Code     0  startup_stm32f401xc.o(.text)
    TIM5_IRQHandler                          0x080002fb   Thumb Code     0  startup_stm32f401xc.o(.text)
    USART1_IRQHandler                        0x080002fb   Thumb Code     0  startup_stm32f401xc.o(.text)
    USART2_IRQHandler                        0x080002fb   Thumb Code     0  startup_stm32f401xc.o(.text)
    USART6_IRQHandler                        0x080002fb   Thumb Code     0  startup_stm32f401xc.o(.text)
    WWDG_IRQHandler                          0x080002fb   Thumb Code     0  startup_stm32f401xc.o(.text)
    __user_initial_stackheap                 0x080002fd   Thumb Code     0  startup_stm32f401xc.o(.text)
    snprintf                                 0x08000321   Thumb Code    58  snprintf.o(.text)
    __use_two_region_memory                  0x08000361   Thumb Code     2  heapauxi.o(.text)
    __rt_heap_escrow$2region                 0x08000363   Thumb Code     2  heapauxi.o(.text)
    __rt_heap_expand$2region                 0x08000365   Thumb Code     2  heapauxi.o(.text)
    _printf_pre_padding                      0x08000367   Thumb Code    44  _printf_pad.o(.text)
    _printf_post_padding                     0x08000393   Thumb Code    34  _printf_pad.o(.text)
    _printf_truncate_signed                  0x080003b5   Thumb Code    18  _printf_truncate.o(.text)
    _printf_truncate_unsigned                0x080003c7   Thumb Code    18  _printf_truncate.o(.text)
    _printf_str                              0x080003d9   Thumb Code    82  _printf_str.o(.text)
    _printf_int_dec                          0x0800042d   Thumb Code   104  _printf_dec.o(.text)
    _printf_charcount                        0x080004a5   Thumb Code    40  _printf_charcount.o(.text)
    _printf_char_common                      0x080004d7   Thumb Code    32  _printf_char_common.o(.text)
    _snputc                                  0x080004fd   Thumb Code    16  _snputc.o(.text)
    _printf_wctomb                           0x0800050d   Thumb Code   182  _printf_wctomb.o(.text)
    _printf_longlong_dec                     0x080005c9   Thumb Code   108  _printf_longlong_dec.o(.text)
    _printf_longlong_oct                     0x08000645   Thumb Code    68  _printf_oct_int_ll.o(.text)
    _printf_int_oct                          0x08000689   Thumb Code    24  _printf_oct_int_ll.o(.text)
    _printf_ll_oct                           0x080006a1   Thumb Code    12  _printf_oct_int_ll.o(.text)
    _printf_longlong_hex                     0x080006b5   Thumb Code    86  _printf_hex_int_ll_ptr.o(.text)
    _printf_int_hex                          0x0800070b   Thumb Code    28  _printf_hex_int_ll_ptr.o(.text)
    _printf_ll_hex                           0x08000727   Thumb Code    12  _printf_hex_int_ll_ptr.o(.text)
    _printf_hex_ptr                          0x08000733   Thumb Code    18  _printf_hex_int_ll_ptr.o(.text)
    __printf                                 0x08000749   Thumb Code   388  __printf_flags_ss_wp.o(.text)
    _ll_udiv10                               0x080008d1   Thumb Code   138  lludiv10.o(.text)
    _printf_int_common                       0x0800095b   Thumb Code   178  _printf_intcommon.o(.text)
    _printf_fp_dec_real                      0x08000bbd   Thumb Code   620  _printf_fp_dec.o(.text)
    _printf_fp_hex_real                      0x08000e29   Thumb Code   756  _printf_fp_hex.o(.text)
    _printf_cs_common                        0x08001125   Thumb Code    20  _printf_char.o(.text)
    _printf_char                             0x08001139   Thumb Code    16  _printf_char.o(.text)
    _printf_string                           0x08001149   Thumb Code     8  _printf_char.o(.text)
    _printf_lcs_common                       0x08001151   Thumb Code    20  _printf_wchar.o(.text)
    _printf_wchar                            0x08001165   Thumb Code    16  _printf_wchar.o(.text)
    _printf_wstring                          0x08001175   Thumb Code     8  _printf_wchar.o(.text)
    _c16rtomb                                0x0800117d   Thumb Code    72  _c16rtomb.o(.text)
    _wcrtomb                                 0x0800117d   Thumb Code     0  _c16rtomb.o(.text)
    __user_setup_stackheap                   0x080011c5   Thumb Code    74  sys_stackheap_outer.o(.text)
    __rt_ctype_table                         0x08001211   Thumb Code    16  rt_ctype_table.o(.text)
    __rt_locale                              0x08001221   Thumb Code     8  rt_locale_intlibspace.o(.text)
    _printf_fp_infnan                        0x08001229   Thumb Code   112  _printf_fp_infnan.o(.text)
    _btod_etento                             0x080012a9   Thumb Code   224  bigflt0.o(.text)
    exit                                     0x0800138d   Thumb Code    18  exit.o(.text)
    __user_libspace                          0x080013a1   Thumb Code     8  libspace.o(.text)
    __user_perproc_libspace                  0x080013a1   Thumb Code     0  libspace.o(.text)
    __user_perthread_libspace                0x080013a1   Thumb Code     0  libspace.o(.text)
    strcmp                                   0x080013a9   Thumb Code   124  strcmpv7em.o(.text)
    _sys_exit                                0x08001425   Thumb Code     8  sys_exit.o(.text)
    __I$use$semihosting                      0x08001431   Thumb Code     0  use_no_semi.o(.text)
    __use_no_semihosting_swi                 0x08001431   Thumb Code     2  use_no_semi.o(.text)
    __semihosting_library_function           0x08001433   Thumb Code     0  indicate_semi.o(.text)
    GPIO_u8GetPinValue                       0x08001435   Thumb Code    88  gpio.o(.text.GPIO_u8GetPinValue)
    GPIO_u8SetPinMode                        0x0800148d   Thumb Code   330  gpio.o(.text.GPIO_u8SetPinMode)
    GPIO_u8WritePinValue                     0x080015d9   Thumb Code   146  gpio.o(.text.GPIO_u8WritePinValue)
    KEYPAD_getPressedKey                     0x0800166d   Thumb Code   286  keypad.o(.text.KEYPAD_getPressedKey)
    KEYPAD_init                              0x0800178d   Thumb Code   116  keypad.o(.text.KEYPAD_init)
    LCD_clearScreen                          0x08001801   Thumb Code    10  lcd.o(.text.LCD_clearScreen)
    LCD_displayCharacter                     0x0800180d   Thumb Code   244  lcd.o(.text.LCD_displayCharacter)
    LCD_displayString                        0x08001901   Thumb Code    56  lcd.o(.text.LCD_displayString)
    LCD_init                                 0x08001939   Thumb Code   122  lcd.o(.text.LCD_init)
    LCD_intgerToString                       0x080019b5   Thumb Code    36  lcd.o(.text.LCD_intgerToString)
    LCD_moveCursor                           0x080019d9   Thumb Code   110  lcd.o(.text.LCD_moveCursor)
    LCD_sendCommand                          0x08001a49   Thumb Code   244  lcd.o(.text.LCD_sendCommand)
    RCC_u8EnableDisablPeripheralClk          0x08001b3d   Thumb Code   424  rcc.o(.text.RCC_u8EnableDisablPeripheralClk)
    RCC_u8InitSysClk                         0x08001ce5   Thumb Code   192  rcc.o(.text.RCC_u8InitSysClk)
    STK_u8Init                               0x08001da5   Thumb Code    68  stk.o(.text.STK_u8Init)
    STK_u8SetmSBusyWait                      0x08001de9   Thumb Code    54  stk.o(.text.STK_u8SetmSBusyWait)
    STK_u8SetuSBusyWait                      0x08001e21   Thumb Code   178  stk.o(.text.STK_u8SetuSBusyWait)
    SysTick_Handler                          0x08001ed5   Thumb Code   112  stk.o(.text.SysTick_Handler)
    SystemInit                               0x08001f45   Thumb Code    18  system_stm32f4xx.o(.text.SystemInit)
    main                                     0x08001f59   Thumb Code   850  main.o(.text.main)
    _btod_d2e                                0x080022ab   Thumb Code    62  btod.o(CL$$btod_d2e)
    _d2e_denorm_low                          0x080022e9   Thumb Code    70  btod.o(CL$$btod_d2e_denorm_low)
    _d2e_norm_op1                            0x0800232f   Thumb Code    96  btod.o(CL$$btod_d2e_norm_op1)
    __btod_div_common                        0x08002391   Thumb Code   696  btod.o(CL$$btod_div_common)
    _e2e                                     0x080026c9   Thumb Code   220  btod.o(CL$$btod_e2e)
    _btod_ediv                               0x080027a5   Thumb Code    42  btod.o(CL$$btod_ediv)
    _btod_emul                               0x080027cf   Thumb Code    42  btod.o(CL$$btod_emul)
    __btod_mult_common                       0x080027f9   Thumb Code   580  btod.o(CL$$btod_mult_common)
    __ARM_fpclassify                         0x08002a3d   Thumb Code    48  fpclassify.o(i.__ARM_fpclassify)
    _is_digit                                0x08002a6d   Thumb Code    14  __printf_wp.o(i._is_digit)
    _get_lc_numeric                          0x08002a7d   Thumb Code    44  lc_numeric_c.o(locale$$code)
    _get_lc_ctype                            0x08002aa9   Thumb Code    44  lc_ctype_c.o(locale$$code)
    _fp_init                                 0x08002ad5   Thumb Code    26  fpinit.o(x$fpl$fpinit)
    __fplib_config_fpu_vfp                   0x08002aed   Thumb Code     0  fpinit.o(x$fpl$fpinit)
    __fplib_config_pureend_doubles           0x08002aed   Thumb Code     0  fpinit.o(x$fpl$fpinit)
    _printf_fp_dec                           0x08002aef   Thumb Code     4  printf1.o(x$fpl$printf1)
    _printf_fp_hex                           0x08002af3   Thumb Code     4  printf2.o(x$fpl$printf2)
    __I$use$fp                               0x08002af6   Number         0  usenofp.o(x$fpl$usenofp)
    Region$$Table$$Base                      0x08002c0c   Number         0  anon$$obj.o(Region$$Table)
    Region$$Table$$Limit                     0x08002c2c   Number         0  anon$$obj.o(Region$$Table)
    __ctype                                  0x08002c55   Data           0  lc_ctype_c.o(locale$$data)
    __libspace_start                         0x20000018   Data          96  libspace.o(.bss)
    __temporary_stack_top$libspace           0x20000078   Data           0  libspace.o(.bss)
    current_state                            0x2000007d   Data           1  main.o(.bss.current_state)
    num1                                     0x20000080   Data           4  main.o(.bss.num1)
    num2                                     0x20000084   Data           4  main.o(.bss.num2)
    result                                   0x20000088   Data           4  main.o(.bss.result)



==============================================================================

Memory Map of the image

  Image Entry point : 0x080002e1

  Load Region LR_1 (Base: 0x08000000, Size: 0x00002d70, Max: 0xffffffff, ABSOLUTE)

    Execution Region ER_RO (Exec base: 0x08000000, Load base: 0x08000000, Size: 0x00002d58, Max: 0xffffffff, ABSOLUTE)

    Exec Addr    Load Addr    Size         Type   Attr      Idx    E Section Name        Object

    0x08000000   0x08000000   0x00000194   Data   RO          114    RESET               startup_stm32f401xc.o
    0x08000194   0x08000194   0x00000008   Code   RO          141  * !!!main             c_w.l(__main.o)
    0x0800019c   0x0800019c   0x00000034   Code   RO          478    !!!scatter          c_w.l(__scatter.o)
    0x080001d0   0x080001d0   0x0000001a   Code   RO          480    !!handler_copy      c_w.l(__scatter_copy.o)
    0x080001ea   0x080001ea   0x00000002   PAD
    0x080001ec   0x080001ec   0x0000001c   Code   RO          482    !!handler_zi        c_w.l(__scatter_zi.o)
    0x08000208   0x08000208   0x00000000   Code   RO          225    .ARM.Collect$$_printf_percent$$00000000  c_w.l(_printf_percent.o)
    0x08000208   0x08000208   0x00000006   Code   RO          214    .ARM.Collect$$_printf_percent$$00000001  c_w.l(_printf_n.o)
    0x0800020e   0x0800020e   0x00000006   Code   RO          216    .ARM.Collect$$_printf_percent$$00000002  c_w.l(_printf_p.o)
    0x08000214   0x08000214   0x00000006   Code   RO          221    .ARM.Collect$$_printf_percent$$00000003  c_w.l(_printf_f.o)
    0x0800021a   0x0800021a   0x00000006   Code   RO          222    .ARM.Collect$$_printf_percent$$00000004  c_w.l(_printf_e.o)
    0x08000220   0x08000220   0x00000006   Code   RO          223    .ARM.Collect$$_printf_percent$$00000005  c_w.l(_printf_g.o)
    0x08000226   0x08000226   0x00000006   Code   RO          224    .ARM.Collect$$_printf_percent$$00000006  c_w.l(_printf_a.o)
    0x0800022c   0x0800022c   0x0000000a   Code   RO          229    .ARM.Collect$$_printf_percent$$00000007  c_w.l(_printf_ll.o)
    0x08000236   0x08000236   0x00000006   Code   RO          218    .ARM.Collect$$_printf_percent$$00000008  c_w.l(_printf_i.o)
    0x0800023c   0x0800023c   0x00000006   Code   RO          219    .ARM.Collect$$_printf_percent$$00000009  c_w.l(_printf_d.o)
    0x08000242   0x08000242   0x00000006   Code   RO          220    .ARM.Collect$$_printf_percent$$0000000A  c_w.l(_printf_u.o)
    0x08000248   0x08000248   0x00000006   Code   RO          217    .ARM.Collect$$_printf_percent$$0000000B  c_w.l(_printf_o.o)
    0x0800024e   0x0800024e   0x00000006   Code   RO          215    .ARM.Collect$$_printf_percent$$0000000C  c_w.l(_printf_x.o)
    0x08000254   0x08000254   0x00000006   Code   RO          226    .ARM.Collect$$_printf_percent$$0000000D  c_w.l(_printf_lli.o)
    0x0800025a   0x0800025a   0x00000006   Code   RO          227    .ARM.Collect$$_printf_percent$$0000000E  c_w.l(_printf_lld.o)
    0x08000260   0x08000260   0x00000006   Code   RO          228    .ARM.Collect$$_printf_percent$$0000000F  c_w.l(_printf_llu.o)
    0x08000266   0x08000266   0x00000006   Code   RO          233    .ARM.Collect$$_printf_percent$$00000010  c_w.l(_printf_llo.o)
    0x0800026c   0x0800026c   0x00000006   Code   RO          234    .ARM.Collect$$_printf_percent$$00000011  c_w.l(_printf_llx.o)
    0x08000272   0x08000272   0x0000000a   Code   RO          230    .ARM.Collect$$_printf_percent$$00000012  c_w.l(_printf_l.o)
    0x0800027c   0x0800027c   0x00000006   Code   RO          212    .ARM.Collect$$_printf_percent$$00000013  c_w.l(_printf_c.o)
    0x08000282   0x08000282   0x00000006   Code   RO          213    .ARM.Collect$$_printf_percent$$00000014  c_w.l(_printf_s.o)
    0x08000288   0x08000288   0x00000006   Code   RO          231    .ARM.Collect$$_printf_percent$$00000015  c_w.l(_printf_lc.o)
    0x0800028e   0x0800028e   0x00000006   Code   RO          232    .ARM.Collect$$_printf_percent$$00000016  c_w.l(_printf_ls.o)
    0x08000294   0x08000294   0x00000004   Code   RO          275    .ARM.Collect$$_printf_percent$$00000017  c_w.l(_printf_percent_end.o)
    0x08000298   0x08000298   0x00000002   Code   RO          326    .ARM.Collect$$libinit$$00000000  c_w.l(libinit.o)
    0x0800029a   0x0800029a   0x00000004   Code   RO          344    .ARM.Collect$$libinit$$00000001  c_w.l(libinit2.o)
    0x0800029e   0x0800029e   0x00000000   Code   RO          347    .ARM.Collect$$libinit$$00000004  c_w.l(libinit2.o)
    0x0800029e   0x0800029e   0x00000000   Code   RO          349    .ARM.Collect$$libinit$$00000006  c_w.l(libinit2.o)
    0x0800029e   0x0800029e   0x00000000   Code   RO          352    .ARM.Collect$$libinit$$0000000C  c_w.l(libinit2.o)
    0x0800029e   0x0800029e   0x00000000   Code   RO          354    .ARM.Collect$$libinit$$0000000E  c_w.l(libinit2.o)
    0x0800029e   0x0800029e   0x00000000   Code   RO          356    .ARM.Collect$$libinit$$00000010  c_w.l(libinit2.o)
    0x0800029e   0x0800029e   0x00000006   Code   RO          357    .ARM.Collect$$libinit$$00000011  c_w.l(libinit2.o)
    0x080002a4   0x080002a4   0x00000000   Code   RO          359    .ARM.Collect$$libinit$$00000013  c_w.l(libinit2.o)
    0x080002a4   0x080002a4   0x0000000c   Code   RO          360    .ARM.Collect$$libinit$$00000014  c_w.l(libinit2.o)
    0x080002b0   0x080002b0   0x00000000   Code   RO          361    .ARM.Collect$$libinit$$00000015  c_w.l(libinit2.o)
    0x080002b0   0x080002b0   0x00000000   Code   RO          363    .ARM.Collect$$libinit$$00000017  c_w.l(libinit2.o)
    0x080002b0   0x080002b0   0x0000000a   Code   RO          364    .ARM.Collect$$libinit$$00000018  c_w.l(libinit2.o)
    0x080002ba   0x080002ba   0x00000000   Code   RO          365    .ARM.Collect$$libinit$$00000019  c_w.l(libinit2.o)
    0x080002ba   0x080002ba   0x00000000   Code   RO          367    .ARM.Collect$$libinit$$0000001B  c_w.l(libinit2.o)
    0x080002ba   0x080002ba   0x00000000   Code   RO          369    .ARM.Collect$$libinit$$0000001D  c_w.l(libinit2.o)
    0x080002ba   0x080002ba   0x00000000   Code   RO          371    .ARM.Collect$$libinit$$0000001F  c_w.l(libinit2.o)
    0x080002ba   0x080002ba   0x00000000   Code   RO          373    .ARM.Collect$$libinit$$00000021  c_w.l(libinit2.o)
    0x080002ba   0x080002ba   0x00000000   Code   RO          375    .ARM.Collect$$libinit$$00000023  c_w.l(libinit2.o)
    0x080002ba   0x080002ba   0x00000000   Code   RO          377    .ARM.Collect$$libinit$$00000025  c_w.l(libinit2.o)
    0x080002ba   0x080002ba   0x00000000   Code   RO          379    .ARM.Collect$$libinit$$00000027  c_w.l(libinit2.o)
    0x080002ba   0x080002ba   0x00000000   Code   RO          383    .ARM.Collect$$libinit$$0000002E  c_w.l(libinit2.o)
    0x080002ba   0x080002ba   0x00000000   Code   RO          385    .ARM.Collect$$libinit$$00000030  c_w.l(libinit2.o)
    0x080002ba   0x080002ba   0x00000000   Code   RO          387    .ARM.Collect$$libinit$$00000032  c_w.l(libinit2.o)
    0x080002ba   0x080002ba   0x00000000   Code   RO          389    .ARM.Collect$$libinit$$00000034  c_w.l(libinit2.o)
    0x080002ba   0x080002ba   0x00000002   Code   RO          390    .ARM.Collect$$libinit$$00000035  c_w.l(libinit2.o)
    0x080002bc   0x080002bc   0x00000002   Code   RO          414    .ARM.Collect$$libshutdown$$00000000  c_w.l(libshutdown.o)
    0x080002be   0x080002be   0x00000000   Code   RO          429    .ARM.Collect$$libshutdown$$00000002  c_w.l(libshutdown2.o)
    0x080002be   0x080002be   0x00000000   Code   RO          431    .ARM.Collect$$libshutdown$$00000004  c_w.l(libshutdown2.o)
    0x080002be   0x080002be   0x00000000   Code   RO          434    .ARM.Collect$$libshutdown$$00000007  c_w.l(libshutdown2.o)
    0x080002be   0x080002be   0x00000000   Code   RO          437    .ARM.Collect$$libshutdown$$0000000A  c_w.l(libshutdown2.o)
    0x080002be   0x080002be   0x00000000   Code   RO          439    .ARM.Collect$$libshutdown$$0000000C  c_w.l(libshutdown2.o)
    0x080002be   0x080002be   0x00000000   Code   RO          442    .ARM.Collect$$libshutdown$$0000000F  c_w.l(libshutdown2.o)
    0x080002be   0x080002be   0x00000002   Code   RO          443    .ARM.Collect$$libshutdown$$00000010  c_w.l(libshutdown2.o)
    0x080002c0   0x080002c0   0x00000000   Code   RO          143    .ARM.Collect$$rtentry$$00000000  c_w.l(__rtentry.o)
    0x080002c0   0x080002c0   0x00000000   Code   RO          244    .ARM.Collect$$rtentry$$00000002  c_w.l(__rtentry2.o)
    0x080002c0   0x080002c0   0x00000006   Code   RO          256    .ARM.Collect$$rtentry$$00000004  c_w.l(__rtentry4.o)
    0x080002c6   0x080002c6   0x00000000   Code   RO          246    .ARM.Collect$$rtentry$$00000009  c_w.l(__rtentry2.o)
    0x080002c6   0x080002c6   0x00000004   Code   RO          247    .ARM.Collect$$rtentry$$0000000A  c_w.l(__rtentry2.o)
    0x080002ca   0x080002ca   0x00000000   Code   RO          249    .ARM.Collect$$rtentry$$0000000C  c_w.l(__rtentry2.o)
    0x080002ca   0x080002ca   0x00000008   Code   RO          250    .ARM.Collect$$rtentry$$0000000D  c_w.l(__rtentry2.o)
    0x080002d2   0x080002d2   0x00000002   Code   RO          335    .ARM.Collect$$rtexit$$00000000  c_w.l(rtexit.o)
    0x080002d4   0x080002d4   0x00000000   Code   RO          392    .ARM.Collect$$rtexit$$00000002  c_w.l(rtexit2.o)
    0x080002d4   0x080002d4   0x00000004   Code   RO          393    .ARM.Collect$$rtexit$$00000003  c_w.l(rtexit2.o)
    0x080002d8   0x080002d8   0x00000006   Code   RO          394    .ARM.Collect$$rtexit$$00000004  c_w.l(rtexit2.o)
    0x080002de   0x080002de   0x00000002   PAD
    0x080002e0   0x080002e0   0x00000040   Code   RO          115  * .text               startup_stm32f401xc.o
    0x08000320   0x08000320   0x00000040   Code   RO          137    .text               c_w.l(snprintf.o)
    0x08000360   0x08000360   0x00000006   Code   RO          139    .text               c_w.l(heapauxi.o)
    0x08000366   0x08000366   0x0000004e   Code   RO          146    .text               c_w.l(_printf_pad.o)
    0x080003b4   0x080003b4   0x00000024   Code   RO          148    .text               c_w.l(_printf_truncate.o)
    0x080003d8   0x080003d8   0x00000052   Code   RO          150    .text               c_w.l(_printf_str.o)
    0x0800042a   0x0800042a   0x00000002   PAD
    0x0800042c   0x0800042c   0x00000078   Code   RO          152    .text               c_w.l(_printf_dec.o)
    0x080004a4   0x080004a4   0x00000028   Code   RO          154    .text               c_w.l(_printf_charcount.o)
    0x080004cc   0x080004cc   0x00000030   Code   RO          156    .text               c_w.l(_printf_char_common.o)
    0x080004fc   0x080004fc   0x00000010   Code   RO          158    .text               c_w.l(_snputc.o)
    0x0800050c   0x0800050c   0x000000bc   Code   RO          160    .text               c_w.l(_printf_wctomb.o)
    0x080005c8   0x080005c8   0x0000007c   Code   RO          163    .text               c_w.l(_printf_longlong_dec.o)
    0x08000644   0x08000644   0x00000070   Code   RO          169    .text               c_w.l(_printf_oct_int_ll.o)
    0x080006b4   0x080006b4   0x00000094   Code   RO          189    .text               c_w.l(_printf_hex_int_ll_ptr.o)
    0x08000748   0x08000748   0x00000188   Code   RO          209    .text               c_w.l(__printf_flags_ss_wp.o)
    0x080008d0   0x080008d0   0x0000008a   Code   RO          258    .text               c_w.l(lludiv10.o)
    0x0800095a   0x0800095a   0x000000b2   Code   RO          260    .text               c_w.l(_printf_intcommon.o)
    0x08000a0c   0x08000a0c   0x0000041c   Code   RO          262    .text               c_w.l(_printf_fp_dec.o)
    0x08000e28   0x08000e28   0x000002fc   Code   RO          266    .text               c_w.l(_printf_fp_hex.o)
    0x08001124   0x08001124   0x0000002c   Code   RO          271    .text               c_w.l(_printf_char.o)
    0x08001150   0x08001150   0x0000002c   Code   RO          273    .text               c_w.l(_printf_wchar.o)
    0x0800117c   0x0800117c   0x00000048   Code   RO          276    .text               c_w.l(_c16rtomb.o)
    0x080011c4   0x080011c4   0x0000004a   Code   RO          278    .text               c_w.l(sys_stackheap_outer.o)
    0x0800120e   0x0800120e   0x00000002   PAD
    0x08001210   0x08001210   0x00000010   Code   RO          280    .text               c_w.l(rt_ctype_table.o)
    0x08001220   0x08001220   0x00000008   Code   RO          285    .text               c_w.l(rt_locale_intlibspace.o)
    0x08001228   0x08001228   0x00000080   Code   RO          287    .text               c_w.l(_printf_fp_infnan.o)
    0x080012a8   0x080012a8   0x000000e4   Code   RO          289    .text               c_w.l(bigflt0.o)
    0x0800138c   0x0800138c   0x00000012   Code   RO          319    .text               c_w.l(exit.o)
    0x0800139e   0x0800139e   0x00000002   PAD
    0x080013a0   0x080013a0   0x00000008   Code   RO          332    .text               c_w.l(libspace.o)
    0x080013a8   0x080013a8   0x0000007c   Code   RO          342    .text               c_w.l(strcmpv7em.o)
    0x08001424   0x08001424   0x0000000c   Code   RO          404    .text               c_w.l(sys_exit.o)
    0x08001430   0x08001430   0x00000002   Code   RO          419    .text               c_w.l(use_no_semi.o)
    0x08001432   0x08001432   0x00000000   Code   RO          421    .text               c_w.l(indicate_semi.o)
    0x08001432   0x08001432   0x00000002   PAD
    0x08001434   0x08001434   0x00000058   Code   RO           38    .text.GPIO_u8GetPinValue  gpio.o
    0x0800148c   0x0800148c   0x0000014a   Code   RO           34    .text.GPIO_u8SetPinMode  gpio.o
    0x080015d6   0x080015d6   0x00000002   PAD
    0x080015d8   0x080015d8   0x00000092   Code   RO           36    .text.GPIO_u8WritePinValue  gpio.o
    0x0800166a   0x0800166a   0x00000002   PAD
    0x0800166c   0x0800166c   0x0000011e   Code   RO          103    .text.KEYPAD_getPressedKey  keypad.o
    0x0800178a   0x0800178a   0x00000002   PAD
    0x0800178c   0x0800178c   0x00000074   Code   RO          101    .text.KEYPAD_init   keypad.o
    0x08001800   0x08001800   0x0000000a   Code   RO           85    .text.LCD_clearScreen  lcd.o
    0x0800180a   0x0800180a   0x00000002   PAD
    0x0800180c   0x0800180c   0x000000f4   Code   RO           81    .text.LCD_displayCharacter  lcd.o
    0x08001900   0x08001900   0x00000038   Code   RO           83    .text.LCD_displayString  lcd.o
    0x08001938   0x08001938   0x0000007a   Code   RO           77    .text.LCD_init      lcd.o
    0x080019b2   0x080019b2   0x00000002   PAD
    0x080019b4   0x080019b4   0x00000024   Code   RO           91    .text.LCD_intgerToString  lcd.o
    0x080019d8   0x080019d8   0x0000006e   Code   RO           87    .text.LCD_moveCursor  lcd.o
    0x08001a46   0x08001a46   0x00000002   PAD
    0x08001a48   0x08001a48   0x000000f4   Code   RO           79    .text.LCD_sendCommand  lcd.o
    0x08001b3c   0x08001b3c   0x000001a8   Code   RO           23    .text.RCC_u8EnableDisablPeripheralClk  rcc.o
    0x08001ce4   0x08001ce4   0x000000c0   Code   RO           19    .text.RCC_u8InitSysClk  rcc.o
    0x08001da4   0x08001da4   0x00000044   Code   RO           50    .text.STK_u8Init    stk.o
    0x08001de8   0x08001de8   0x00000036   Code   RO           54    .text.STK_u8SetmSBusyWait  stk.o
    0x08001e1e   0x08001e1e   0x00000002   PAD
    0x08001e20   0x08001e20   0x000000b2   Code   RO           52    .text.STK_u8SetuSBusyWait  stk.o
    0x08001ed2   0x08001ed2   0x00000002   PAD
    0x08001ed4   0x08001ed4   0x00000070   Code   RO           66    .text.SysTick_Handler  stk.o
    0x08001f44   0x08001f44   0x00000012   Code   RO          122    .text.SystemInit    system_stm32f4xx.o
    0x08001f56   0x08001f56   0x00000002   PAD
    0x08001f58   0x08001f58   0x00000352   Code   RO            4    .text.main          main.o
    0x080022aa   0x080022aa   0x0000003e   Code   RO          292    CL$$btod_d2e        c_w.l(btod.o)
    0x080022e8   0x080022e8   0x00000046   Code   RO          294    CL$$btod_d2e_denorm_low  c_w.l(btod.o)
    0x0800232e   0x0800232e   0x00000060   Code   RO          293    CL$$btod_d2e_norm_op1  c_w.l(btod.o)
    0x0800238e   0x0800238e   0x00000002   PAD
    0x08002390   0x08002390   0x00000338   Code   RO          302    CL$$btod_div_common  c_w.l(btod.o)
    0x080026c8   0x080026c8   0x000000dc   Code   RO          299    CL$$btod_e2e        c_w.l(btod.o)
    0x080027a4   0x080027a4   0x0000002a   Code   RO          296    CL$$btod_ediv       c_w.l(btod.o)
    0x080027ce   0x080027ce   0x0000002a   Code   RO          295    CL$$btod_emul       c_w.l(btod.o)
    0x080027f8   0x080027f8   0x00000244   Code   RO          301    CL$$btod_mult_common  c_w.l(btod.o)
    0x08002a3c   0x08002a3c   0x00000030   Code   RO          330    i.__ARM_fpclassify  m_wm.l(fpclassify.o)
    0x08002a6c   0x08002a6c   0x0000000e   Code   RO          202    i._is_digit         c_w.l(__printf_wp.o)
    0x08002a7a   0x08002a7a   0x00000002   PAD
    0x08002a7c   0x08002a7c   0x0000002c   Code   RO          317    locale$$code        c_w.l(lc_numeric_c.o)
    0x08002aa8   0x08002aa8   0x0000002c   Code   RO          340    locale$$code        c_w.l(lc_ctype_c.o)
    0x08002ad4   0x08002ad4   0x0000001a   Code   RO          402    x$fpl$fpinit        fz_wm.l(fpinit.o)
    0x08002aee   0x08002aee   0x00000004   Code   RO          235    x$fpl$printf1       fz_wm.l(printf1.o)
    0x08002af2   0x08002af2   0x00000004   Code   RO          237    x$fpl$printf2       fz_wm.l(printf2.o)
    0x08002af6   0x08002af6   0x00000000   Code   RO          329    x$fpl$usenofp       fz_wm.l(usenofp.o)
    0x08002af6   0x08002af6   0x00000002   PAD
    0x08002af8   0x08002af8   0x00000008   Data   RO          161    .constdata          c_w.l(_printf_wctomb.o)
    0x08002b00   0x08002b00   0x00000028   Data   RO          190    .constdata          c_w.l(_printf_hex_int_ll_ptr.o)
    0x08002b28   0x08002b28   0x00000011   Data   RO          210    .constdata          c_w.l(__printf_flags_ss_wp.o)
    0x08002b39   0x08002b39   0x00000026   Data   RO          267    .constdata          c_w.l(_printf_fp_hex.o)
    0x08002b5f   0x08002b5f   0x00000001   PAD
    0x08002b60   0x08002b60   0x00000094   Data   RO          290    .constdata          c_w.l(bigflt0.o)
    0x08002bf4   0x08002bf4   0x00000014   Data   RO           10    .rodata.str1.1      main.o
    0x08002c08   0x08002c08   0x00000003   Data   RO           93    .rodata.str1.1      lcd.o
    0x08002c0b   0x08002c0b   0x00000001   PAD
    0x08002c0c   0x08002c0c   0x00000020   Data   RO          477    Region$$Table       anon$$obj.o
    0x08002c2c   0x08002c2c   0x0000001c   Data   RO          316    locale$$data        c_w.l(lc_numeric_c.o)
    0x08002c48   0x08002c48   0x00000110   Data   RO          339    locale$$data        c_w.l(lc_ctype_c.o)


    Execution Region ER_RW (Exec base: 0x20000000, Load base: 0x08002d58, Size: 0x00000018, Max: 0xffffffff, ABSOLUTE)

    Exec Addr    Load Addr    Size         Type   Attr      Idx    E Section Name        Object

    0x20000000   0x08002d58   0x00000018   Data   RW           42    .data.GPIO_Astr     gpio.o


    Execution Region ER_ZI (Exec base: 0x20000018, Load base: 0x08002d70, Size: 0x00000678, Max: 0xffffffff, ABSOLUTE)

    Exec Addr    Load Addr    Size         Type   Attr      Idx    E Section Name        Object

    0x20000018        -       0x00000060   Zero   RW          333    .bss                c_w.l(libspace.o)
    0x20000078        -       0x00000004   Zero   RW           68    .bss.STK_Pf         stk.o
    0x2000007c        -       0x00000001   Zero   RW           69    .bss.STK_u8ModeOfInterval  stk.o
    0x2000007d        -       0x00000001   Zero   RW            6    .bss.current_state  main.o
    0x2000007e   0x08002d70   0x00000002   PAD
    0x20000080        -       0x00000004   Zero   RW            7    .bss.num1           main.o
    0x20000084        -       0x00000004   Zero   RW            8    .bss.num2           main.o
    0x20000088        -       0x00000004   Zero   RW            9    .bss.result         main.o
    0x2000008c   0x08002d70   0x00000004   PAD
    0x20000090        -       0x00000200   Zero   RW          113    HEAP                startup_stm32f401xc.o
    0x20000290        -       0x00000400   Zero   RW          112    STACK               startup_stm32f401xc.o


==============================================================================

Image component sizes


      Code (inc. data)   RO Data    RW Data    ZI Data      Debug   Object Name

       564          0          0         24          0       1879   gpio.o
       402          0          0          0          0       1075   keypad.o
       822          4          3          0          0       1843   lcd.o
       850         14         20          0         13       1523   main.o
       616          0          0          0          0       2267   rcc.o
        64         26        404          0       1536        876   startup_stm32f401xc.o
       412          0          0          0          5       2517   stk.o
        18          0          0          0          0       2688   system_stm32f4xx.o

    ----------------------------------------------------------------------
      3766         44        460         24       1560      14668   Object Totals
         0          0         32          0          0          0   (incl. Generated)
        18          0          1          0          6          0   (incl. Padding)

    ----------------------------------------------------------------------

      Code (inc. data)   RO Data    RW Data    ZI Data      Debug   Library Member Name

         8          0          0          0          0         68   __main.o
       392          4         17          0          0         92   __printf_flags_ss_wp.o
        14          0          0          0          0         68   __printf_wp.o
         0          0          0          0          0          0   __rtentry.o
        12          0          0          0          0          0   __rtentry2.o
         6          0          0          0          0          0   __rtentry4.o
        52          8          0          0          0          0   __scatter.o
        26          0          0          0          0          0   __scatter_copy.o
        28          0          0          0          0          0   __scatter_zi.o
        72          0          0          0          0         96   _c16rtomb.o
         6          0          0          0          0          0   _printf_a.o
         6          0          0          0          0          0   _printf_c.o
        44          0          0          0          0        108   _printf_char.o
        48          6          0          0          0         96   _printf_char_common.o
        40          0          0          0          0         68   _printf_charcount.o
         6          0          0          0          0          0   _printf_d.o
       120         16          0          0          0         92   _printf_dec.o
         6          0          0          0          0          0   _printf_e.o
         6          0          0          0          0          0   _printf_f.o
      1052          0          0          0          0        148   _printf_fp_dec.o
       764          8         38          0          0        100   _printf_fp_hex.o
       128         16          0          0          0         84   _printf_fp_infnan.o
         6          0          0          0          0          0   _printf_g.o
       148          4         40          0          0        160   _printf_hex_int_ll_ptr.o
         6          0          0          0          0          0   _printf_i.o
       178          0          0          0          0         88   _printf_intcommon.o
        10          0          0          0          0          0   _printf_l.o
         6          0          0          0          0          0   _printf_lc.o
        10          0          0          0          0          0   _printf_ll.o
         6          0          0          0          0          0   _printf_lld.o
         6          0          0          0          0          0   _printf_lli.o
         6          0          0          0          0          0   _printf_llo.o
         6          0          0          0          0          0   _printf_llu.o
         6          0          0          0          0          0   _printf_llx.o
       124         16          0          0          0         92   _printf_longlong_dec.o
         6          0          0          0          0          0   _printf_ls.o
         6          0          0          0          0          0   _printf_n.o
         6          0          0          0          0          0   _printf_o.o
       112          8          0          0          0        124   _printf_oct_int_ll.o
         6          0          0          0          0          0   _printf_p.o
        78          0          0          0          0        108   _printf_pad.o
         0          0          0          0          0          0   _printf_percent.o
         4          0          0          0          0          0   _printf_percent_end.o
         6          0          0          0          0          0   _printf_s.o
        82          0          0          0          0         80   _printf_str.o
        36          0          0          0          0         84   _printf_truncate.o
         6          0          0          0          0          0   _printf_u.o
        44          0          0          0          0        108   _printf_wchar.o
       188          6          8          0          0         92   _printf_wctomb.o
         6          0          0          0          0          0   _printf_x.o
        16          0          0          0          0         68   _snputc.o
       228          4        148          0          0         96   bigflt0.o
      1936        128          0          0          0        668   btod.o
        18          0          0          0          0         80   exit.o
         6          0          0          0          0        152   heapauxi.o
         0          0          0          0          0          0   indicate_semi.o
        44         10        272          0          0         76   lc_ctype_c.o
        44         10         28          0          0         76   lc_numeric_c.o
         2          0          0          0          0          0   libinit.o
        34          0          0          0          0          0   libinit2.o
         2          0          0          0          0          0   libshutdown.o
         2          0          0          0          0          0   libshutdown2.o
         8          4          0          0         96         68   libspace.o
       138          0          0          0          0         80   lludiv10.o
        16          4          0          0          0         76   rt_ctype_table.o
         8          4          0          0          0         68   rt_locale_intlibspace.o
         2          0          0          0          0          0   rtexit.o
        10          0          0          0          0          0   rtexit2.o
        64          6          0          0          0         84   snprintf.o
       124          0          0          0          0         88   strcmpv7em.o
        12          4          0          0          0         68   sys_exit.o
        74          0          0          0          0         80   sys_stackheap_outer.o
         2          0          0          0          0         68   use_no_semi.o
        26          0          0          0          0        116   fpinit.o
         4          0          0          0          0        116   printf1.o
         4          0          0          0          0        116   printf2.o
         0          0          0          0          0          0   usenofp.o
        48          0          0          0          0        124   fpclassify.o

    ----------------------------------------------------------------------
      6830        266        552          0         96       4324   Library Totals
        18          0          1          0          0          0   (incl. Padding)

    ----------------------------------------------------------------------

      Code (inc. data)   RO Data    RW Data    ZI Data      Debug   Library Name

      6730        266        551          0         96       3852   c_w.l
        34          0          0          0          0        348   fz_wm.l
        48          0          0          0          0        124   m_wm.l

    ----------------------------------------------------------------------
      6830        266        552          0         96       4324   Library Totals

    ----------------------------------------------------------------------

==============================================================================


      Code (inc. data)   RO Data    RW Data    ZI Data      Debug   

     10596        310       1012         24       1656      16644   Grand Totals
     10596        310       1012         24       1656      16644   ELF Image Totals
     10596        310       1012         24          0          0   ROM Totals

==============================================================================

    Total RO  Size (Code + RO Data)                11608 (  11.34kB)
    Total RW  Size (RW Data + ZI Data)              1680 (   1.64kB)
    Total ROM Size (Code + RO Data + RW Data)      11632 (  11.36kB)

==============================================================================

